################################################################################
#                                                                              #
#      IAR Universal Linker V5.2.4.16                                          #
#                                                                              #
#           Link time     =  26/Jan/2012  01:17:25                             #
#           Target CPU    =  MSP430                                            #
#           List file     =  "C:\Texas Instruments\ZAP-MSP430-2.5.0\Projects\z #
#                            stack\ZAP\SE-SampleApp\EXP5438\Simple Metering -  #
#                            End Device\List\SampleApp.map"                    #
#           Output file 1 =  "C:\Texas Instruments\ZAP-MSP430-2.5.0\Projects\z #
#                            stack\ZAP\SE-SampleApp\EXP5438\Simple Metering -  #
#                            End Device\Exe\SampleApp.d43"                     #
#                            Format: debug                                     #
#                            UBROF version 10.0.6                              #
#                            Using library modules for C-SPY (-rt)             #
#           Command line  =  "C:\Texas Instruments\ZAP-MSP430-2.5.0\Projects\z #
#                            stack\ZAP\SE-SampleApp\EXP5438\Simple Metering -  #
#                            End Device\Obj\MSP430FlashUtil.r43"               #
#                            "C:\Texas Instruments\ZAP-MSP430-2.5.0\Projects\z #
#                            stack\ZAP\SE-SampleApp\EXP5438\Simple Metering -  #
#                            End Device\Obj\OSAL.r43"                          #
#                            "C:\Texas Instruments\ZAP-MSP430-2.5.0\Projects\z #
#                            stack\ZAP\SE-SampleApp\EXP5438\Simple Metering -  #
#                            End Device\Obj\OSAL_Memory.r43"                   #
#                            "C:\Texas Instruments\ZAP-MSP430-2.5.0\Projects\z #
#                            stack\ZAP\SE-SampleApp\EXP5438\Simple Metering -  #
#                            End Device\Obj\OSAL_Nv.r43"                       #
#                            "C:\Texas Instruments\ZAP-MSP430-2.5.0\Projects\z #
#                            stack\ZAP\SE-SampleApp\EXP5438\Simple Metering -  #
#                            End Device\Obj\OSAL_PwrMgr.r43"                   #
#                            "C:\Texas Instruments\ZAP-MSP430-2.5.0\Projects\z #
#                            stack\ZAP\SE-SampleApp\EXP5438\Simple Metering -  #
#                            End Device\Obj\OSAL_SimpleMeter.r43"              #
#                            "C:\Texas Instruments\ZAP-MSP430-2.5.0\Projects\z #
#                            stack\ZAP\SE-SampleApp\EXP5438\Simple Metering -  #
#                            End Device\Obj\OSAL_Timers.r43"                   #
#                            "C:\Texas Instruments\ZAP-MSP430-2.5.0\Projects\z #
#                            stack\ZAP\SE-SampleApp\EXP5438\Simple Metering -  #
#                            End Device\Obj\hal_adc.r43"                       #
#                            "C:\Texas Instruments\ZAP-MSP430-2.5.0\Projects\z #
#                            stack\ZAP\SE-SampleApp\EXP5438\Simple Metering -  #
#                            End Device\Obj\hal_assert.r43"                    #
#                            "C:\Texas Instruments\ZAP-MSP430-2.5.0\Projects\z #
#                            stack\ZAP\SE-SampleApp\EXP5438\Simple Metering -  #
#                            End Device\Obj\hal_board.r43"                     #
#                            "C:\Texas Instruments\ZAP-MSP430-2.5.0\Projects\z #
#                            stack\ZAP\SE-SampleApp\EXP5438\Simple Metering -  #
#                            End Device\Obj\hal_dco.r43"                       #
#                            "C:\Texas Instruments\ZAP-MSP430-2.5.0\Projects\z #
#                            stack\ZAP\SE-SampleApp\EXP5438\Simple Metering -  #
#                            End Device\Obj\hal_drivers.r43"                   #
#                            "C:\Texas Instruments\ZAP-MSP430-2.5.0\Projects\z #
#                            stack\ZAP\SE-SampleApp\EXP5438\Simple Metering -  #
#                            End Device\Obj\hal_key.r43"                       #
#                            "C:\Texas Instruments\ZAP-MSP430-2.5.0\Projects\z #
#                            stack\ZAP\SE-SampleApp\EXP5438\Simple Metering -  #
#                            End Device\Obj\hal_lcd.r43"                       #
#                            "C:\Texas Instruments\ZAP-MSP430-2.5.0\Projects\z #
#                            stack\ZAP\SE-SampleApp\EXP5438\Simple Metering -  #
#                            End Device\Obj\hal_led.r43"                       #
#                            "C:\Texas Instruments\ZAP-MSP430-2.5.0\Projects\z #
#                            stack\ZAP\SE-SampleApp\EXP5438\Simple Metering -  #
#                            End Device\Obj\hal_main.r43"                      #
#                            "C:\Texas Instruments\ZAP-MSP430-2.5.0\Projects\z #
#                            stack\ZAP\SE-SampleApp\EXP5438\Simple Metering -  #
#                            End Device\Obj\hal_spi.r43"                       #
#                            "C:\Texas Instruments\ZAP-MSP430-2.5.0\Projects\z #
#                            stack\ZAP\SE-SampleApp\EXP5438\Simple Metering -  #
#                            End Device\Obj\hal_startup.r43"                   #
#                            "C:\Texas Instruments\ZAP-MSP430-2.5.0\Projects\z #
#                            stack\ZAP\SE-SampleApp\EXP5438\Simple Metering -  #
#                            End Device\Obj\hal_timer.r43"                     #
#                            "C:\Texas Instruments\ZAP-MSP430-2.5.0\Projects\z #
#                            stack\ZAP\SE-SampleApp\EXP5438\Simple Metering -  #
#                            End Device\Obj\hal_uart.r43"                      #
#                            "C:\Texas Instruments\ZAP-MSP430-2.5.0\Projects\z #
#                            stack\ZAP\SE-SampleApp\EXP5438\Simple Metering -  #
#                            End Device\Obj\saddr.r43"                         #
#                            "C:\Texas Instruments\ZAP-MSP430-2.5.0\Projects\z #
#                            stack\ZAP\SE-SampleApp\EXP5438\Simple Metering -  #
#                            End Device\Obj\se.r43"                            #
#                            "C:\Texas Instruments\ZAP-MSP430-2.5.0\Projects\z #
#                            stack\ZAP\SE-SampleApp\EXP5438\Simple Metering -  #
#                            End Device\Obj\simplemeter.r43"                   #
#                            "C:\Texas Instruments\ZAP-MSP430-2.5.0\Projects\z #
#                            stack\ZAP\SE-SampleApp\EXP5438\Simple Metering -  #
#                            End Device\Obj\simplemeter_data.r43"              #
#                            "C:\Texas Instruments\ZAP-MSP430-2.5.0\Projects\z #
#                            stack\ZAP\SE-SampleApp\EXP5438\Simple Metering -  #
#                            End Device\Obj\zap_af.r43"                        #
#                            "C:\Texas Instruments\ZAP-MSP430-2.5.0\Projects\z #
#                            stack\ZAP\SE-SampleApp\EXP5438\Simple Metering -  #
#                            End Device\Obj\zap_app.r43"                       #
#                            "C:\Texas Instruments\ZAP-MSP430-2.5.0\Projects\z #
#                            stack\ZAP\SE-SampleApp\EXP5438\Simple Metering -  #
#                            End Device\Obj\zap_certs.r43"                     #
#                            "C:\Texas Instruments\ZAP-MSP430-2.5.0\Projects\z #
#                            stack\ZAP\SE-SampleApp\EXP5438\Simple Metering -  #
#                            End Device\Obj\zap_phy.r43"                       #
#                            "C:\Texas Instruments\ZAP-MSP430-2.5.0\Projects\z #
#                            stack\ZAP\SE-SampleApp\EXP5438\Simple Metering -  #
#                            End Device\Obj\zap_sapi.r43"                      #
#                            "C:\Texas Instruments\ZAP-MSP430-2.5.0\Projects\z #
#                            stack\ZAP\SE-SampleApp\EXP5438\Simple Metering -  #
#                            End Device\Obj\zap_stub_aps.r43"                  #
#                            "C:\Texas Instruments\ZAP-MSP430-2.5.0\Projects\z #
#                            stack\ZAP\SE-SampleApp\EXP5438\Simple Metering -  #
#                            End Device\Obj\zap_sys.r43"                       #
#                            "C:\Texas Instruments\ZAP-MSP430-2.5.0\Projects\z #
#                            stack\ZAP\SE-SampleApp\EXP5438\Simple Metering -  #
#                            End Device\Obj\zap_util.r43"                      #
#                            "C:\Texas Instruments\ZAP-MSP430-2.5.0\Projects\z #
#                            stack\ZAP\SE-SampleApp\EXP5438\Simple Metering -  #
#                            End Device\Obj\zap_zdo.r43"                       #
#                            "C:\Texas Instruments\ZAP-MSP430-2.5.0\Projects\z #
#                            stack\ZAP\SE-SampleApp\EXP5438\Simple Metering -  #
#                            End Device\Obj\zap_zmac.r43"                      #
#                            "C:\Texas Instruments\ZAP-MSP430-2.5.0\Projects\z #
#                            stack\ZAP\SE-SampleApp\EXP5438\Simple Metering -  #
#                            End Device\Obj\zap_znp.r43"                       #
#                            "C:\Texas Instruments\ZAP-MSP430-2.5.0\Projects\z #
#                            stack\ZAP\SE-SampleApp\EXP5438\Simple Metering -  #
#                            End Device\Obj\zcl.r43"                           #
#                            "C:\Texas Instruments\ZAP-MSP430-2.5.0\Projects\z #
#                            stack\ZAP\SE-SampleApp\EXP5438\Simple Metering -  #
#                            End Device\Obj\zcl_general.r43"                   #
#                            "C:\Texas Instruments\ZAP-MSP430-2.5.0\Projects\z #
#                            stack\ZAP\SE-SampleApp\EXP5438\Simple Metering -  #
#                            End Device\Obj\zcl_se.r43"                        #
#                            -o                                                #
#                            "C:\Texas Instruments\ZAP-MSP430-2.5.0\Projects\z #
#                            stack\ZAP\SE-SampleApp\EXP5438\Simple Metering -  #
#                            End Device\Exe\SampleApp.d43"                     #
#                            -l                                                #
#                            "C:\Texas Instruments\ZAP-MSP430-2.5.0\Projects\z #
#                            stack\ZAP\SE-SampleApp\EXP5438\Simple Metering -  #
#                            End Device\List\SampleApp.map"                    #
#                            -xmsn                                             #
#                            "-IC:\Program Files (x86)\IAR Systems\Embedded Wo #
#                            rkbench 6.0 Evaluation\430\LIB\"                  #
#                            -f                                                #
#                            "C:\Texas Instruments\ZAP-MSP430-2.5.0\Projects\z #
#                            stack\ZAP\SE-SampleApp\EXP5438\..\..\..\Tools\MSP #
#                            5438\MSP430F5438.xcl"                             #
#                            (-D_LO_ROM_BEG=0x05C00 -D_LO_ROM_END=0x0FF7F      #
#                            -D_HI_ROM_BEG=0x10000 -D_HI_ROM_END=0x45BFF       #
#                            -D_ZIGNV_BEG=0x0CA00 -D_ZIGNV_END=0x0F9FF         #
#                            -cmsp430                                          #
#                            -Z(DATA)DATA16_I,DATA16_Z,DATA16_N,DATA16_HEAP+_D #
#                            ATA16_HEAP_SIZE=1C00-5BFF                         #
#                            -Z(DATA)CSTACK+_STACK_SIZE#                       #
#                            -Z(CODE)INFO=1800-19FF -Z(CODE)INFOA=1980-19FF    #
#                            -Z(CODE)INFOB=1900-197F -Z(CODE)INFOC=1880-18FF   #
#                            -Z(CODE)INFOD=1800-187F                           #
#                            -Z(CODE)CSTART,ISR_CODE=_LO_ROM_BEG-_LO_ROM_END   #
#                            -Z(CODE)ZIGNV_ADDRESS_SPACE=_ZIGNV_BEG-_ZIGNV_END #
#                            -Z(CODE)INTVEC=FF80-FFFF                          #
#                            -Z(CODE)RESET=FFFE-FFFF                           #
#                            -Z(CONST)DATA16_C,DATA16_ID,DIFUNCT=_LO_ROM_BEG-_ #
#                            LO_ROM_END                                        #
#                            -Z(CONST)DATA20_C,DATA20_ID=_LO_ROM_BEG-_LO_ROM_E #
#                            ND                                                #
#                            -Z(CODE)CODE=_LO_ROM_BEG-_LO_ROM_END,_HI_ROM_BEG- #
#                            _HI_ROM_END)                                      #
#                            -f                                                #
#                            "C:\Program Files (x86)\IAR Systems\Embedded Work #
#                            bench 6.0 Evaluation\430\config\multiplier32_loc2 #
#                            .xcl"                                             #
#                            (-e?Mul8HwLoc2=?Mul8 -e?Mul16HwLoc2=?Mul16        #
#                            -e?Mul16to32uHwLoc2=?Mul16to32u                   #
#                            -e?Mul16to32sHwLoc2=?Mul16to32s                   #
#                            -e?Mul32Hw32Loc2=?Mul32                           #
#                            -e?Mul64Hw32Loc2=_Mul64i                          #
#                            -e?Mul32u32uto64iHw32Loc2=_Mul32u32uto64i         #
#                            -e?Mul32fHwLoc2=_Mul32f                           #
#                            -e_Mul64fHwPtrLoc2=_Mul64fPtr)                    #
#                            -D_STACK_SIZE=200 -rt                             #
#                            "C:\Program Files (x86)\IAR Systems\Embedded Work #
#                            bench 6.0 Evaluation\430\LIB\CLIB\cl430xsf.r43"   #
#                            -e_small_write=_formatted_write                   #
#                            -e_medium_read=_formatted_read                    #
#                            -D_DATA16_HEAP_SIZE=0 -s __program_start          #
#                            -D_DATA20_HEAP_SIZE=50                            #
#                                                                              #
#                           Copyright (C) 1987-2011 IAR Systems AB.            #
################################################################################





                ****************************************
                *                                      *
                *           CROSS REFERENCE            *
                *                                      *
                ****************************************

       Program entry at :           5C00  Relocatable, from module : ?cstart




                ****************************************
                *                                      *
                *            RUNTIME MODEL             *
                *                                      *
                ****************************************

  __SystemLibrary = CLib
  __core          = 430X
  __data_model    = small
  __double_size   = 32
  __pic           = no
  __reg_r4        = free
  __reg_r5        = free
  __rt_version    = 3

                ****************************************
                *                                      *
                *    AUTOMATIC SYMBOL REDIRECTIONS     *
                *                                      *
                ****************************************

                  There are no automatic symbol redirections.



                ****************************************
                *                                      *
                *              MODULE MAP              *
                *                                      *
                ****************************************


  DEFINED ABSOLUTE ENTRIES
    *************************************************************************

  DEFINED ABSOLUTE ENTRIES
  PROGRAM MODULE, NAME : ?ABS_ENTRY_MOD

Absolute parts
           ENTRY                   ADDRESS         REF BY
           =====                   =======         ======
           _DATA20_HEAP_SIZE       0050 
           _DATA16_HEAP_SIZE       0000 
           _STACK_SIZE             0200 
           _ZIGNV_END              F9FF 
           _ZIGNV_BEG              CA00 
           _HI_ROM_END             00045BFF 
           _HI_ROM_BEG             00010000 
           _LO_ROM_END             FF7F 
           _LO_ROM_BEG             5C00 
    *************************************************************************

  FILE NAME : C:\Texas Instruments\ZAP-MSP430-2.5.0\Projects\zstack\ZAP\SE-SampleApp\EXP5438\Simple Metering - End Device\Obj\MSP430FlashUtil.r43
  PROGRAM MODULE, NAME : MSP430FlashUtil

  SEGMENTS IN THE MODULE
  ======================
DATA16_AN
  Relative segment, address: 0140 - 0141 (0x2 bytes), align: 0
  Segment part 1. ROOT.       Intra module refs:   flashErasePage
                                                   flashWrite
           ENTRY                   ADDRESS         REF BY
           =====                   =======         ======
           _A_FCTL1_L              0140 
           LOCAL                   ADDRESS         
           =====                   =======         
           FCTL1                   0140 
           FCTL1_H                 0141 
           FCTL1_L                 0140 
    -------------------------------------------------------------------------
DATA16_AN
  Relative segment, address: 0144 - 0145 (0x2 bytes), align: 0
  Segment part 2. ROOT.       Intra module refs:   flashErasePage
                                                   flashWrite
                                                   initFlash
           ENTRY                   ADDRESS         REF BY
           =====                   =======         ======
           _A_FCTL3_L              0144 
           LOCAL                   ADDRESS         
           =====                   =======         
           FCTL3                   0144 
           FCTL3_H                 0145 
           FCTL3_L                 0144 
    -------------------------------------------------------------------------
DATA16_AN
  Relative segment, address: 015C - 015D (0x2 bytes), align: 0
  Segment part 3. ROOT.       Intra module refs:   __low_level_init (hal_startup)
                                                   doneFlash
                                                   halAssertHazardLights (hal_assert)
                                                   initFlash
                                                   main (hal_main)
           ENTRY                   ADDRESS         REF BY
           =====                   =======         ======
           _A_WDTCTL_L             015C 
           LOCAL                   ADDRESS         
           =====                   =======         
           WDTCTL                  015C 
           WDTCTL_H                015D 
           WDTCTL_L                015C 
    -------------------------------------------------------------------------
DATA16_Z
  Relative segment, address: 2D98 - 2D98 (0x1 bytes), align: 0
  Segment part 5.             Intra module refs:   doneFlash
                                                   initFlash
           LOCAL                   ADDRESS         
           =====                   =======         
           s_savWDT                2D98 
    -------------------------------------------------------------------------
DATA16_Z
  Relative segment, address: 1DE6 - 1DE7 (0x2 bytes), align: 1
  Segment part 6.             Intra module refs:   doneFlash
                                                   initFlash
           LOCAL                   ADDRESS         
           =====                   =======         
           fuIntState              1DE6 
    -------------------------------------------------------------------------
CODE
  Relative segment, address: 6B46 - 6B6D (0x28 bytes), align: 1
  Segment part 8.             Intra module refs:   flashErasePage
                                                   flashWrite
           LOCAL                   ADDRESS         
           =====                   =======         
           initFlash               6B46 
               CSTACK = 00000000 ( 00000004 )
    -------------------------------------------------------------------------
CODE
  Relative segment, address: 6B6E - 6B7F (0x12 bytes), align: 1
  Segment part 7.             Intra module refs:   flashErasePage
                                                   flashWrite
           LOCAL                   ADDRESS         
           =====                   =======         
           doneFlash               6B6E 
               CSTACK = 00000000 ( 00000004 )
    -------------------------------------------------------------------------
CODE
  Relative segment, address: 6B80 - 6B9B (0x1c bytes), align: 1
  Segment part 10.
           ENTRY                   ADDRESS         REF BY
           =====                   =======         ======
           flashErasePage          6B80            erasePage (OSAL_Nv)
               calls direct
               CSTACK = 00000000 ( 00000004 )
    -------------------------------------------------------------------------
CODE
  Relative segment, address: 6B9C - 6BA9 (0xe bytes), align: 1
  Segment part 11.            Intra module refs:   flashErasePage
                                                   flashWrite
           LOCAL                   ADDRESS         
           =====                   =======         
           ?Subroutine0            6B9C 
    -------------------------------------------------------------------------
CODE
  Relative segment, address: 6BAA - 6BD9 (0x30 bytes), align: 1
  Segment part 9.
           ENTRY                   ADDRESS         REF BY
           =====                   =======         ======
           flashWrite              6BAA            compactPage (OSAL_Nv)
                                                   setItem (OSAL_Nv)
                                                   setPageUse (OSAL_Nv)
                                                   writeItem (OSAL_Nv)
                                                   xferBuf (OSAL_Nv)
               calls direct
               CSTACK = 00000000 ( 00000006 )

    *************************************************************************

  FILE NAME : C:\Texas Instruments\ZAP-MSP430-2.5.0\Projects\zstack\ZAP\SE-SampleApp\EXP5438\Simple Metering - End Device\Obj\OSAL.r43
  PROGRAM MODULE, NAME : OSAL

  SEGMENTS IN THE MODULE
  ======================
DATA16_Z
  Relative segment, address: 1DE8 - 1DE9 (0x2 bytes), align: 1
  Segment part 6.             Intra module refs:   osal_init_system
                                                   osal_msg_find
                                                   osal_msg_receive
                                                   osal_msg_send
           ENTRY                   ADDRESS         REF BY
           =====                   =======         ======
           osal_qHead              1DE8 
    -------------------------------------------------------------------------
DATA16_I
  Relative segment, address: 1CE8 - 1CE8 (0x1 bytes), align: 0
  Segment part 7.             Intra module refs:   osal_run_system
           LOCAL                   ADDRESS         
           =====                   =======         
           activeTaskID            1CE8 
    -------------------------------------------------------------------------
CODE
  Relative segment, address: 6BDA - 6BDD (0x4 bytes), align: 1
  Segment part 53.
           ENTRY                   ADDRESS         REF BY
           =====                   =======         ======
           osal_strlen             6BDA            HalLcdWriteString (hal_lcd)
                                                   HalLcdWriteStringValue (hal_lcd)
               calls direct
               CSTACK = 00000000 ( 00000004 )
    -------------------------------------------------------------------------
CODE
  Relative segment, address: 6BDE - 6BEF (0x12 bytes), align: 1
  Segment part 50.
           ENTRY                   ADDRESS         REF BY
           =====                   =======         ======
           osal_memcpy             6BDE            ?Subroutine18 (zcl)
                                                   AF_DataRequest (zap_af)
                                                   HalLcdWriteString (hal_lcd)
                                                   HalLcdWriteStringValue (hal_lcd)
                                                   ZDO_ParseEPListRsp (zap_zdo)
                                                   ZDO_SendMsgCBs (zap_zdo)
                                                   afIncMsgPktParse (zap_af)
                                                   afRecv (zap_af)
                                                   sapiReq (zap_sapi)
                                                   zapDisInfo (zap_app)
                                                   zapPhySpiPoll (zap_phy)
                                                   zapSysReq (zap_sys)
                                                   zapUtilReq (zap_util)
                                                   zb_GetDeviceInfo (zap_sapi)
                                                   zclGeneral_KeyEstablish_InitiateKeyEstablishment (zap_util)
                                                   zclReadAttrData (zcl)
                                                   zclRevertWriteUndividedCmd (zcl)
                                                   zclSE_ParseInCmd_DisplayMessage (zcl_se)
                                                   zclSE_ParseInCmd_PublishPrice (zcl_se)
                                                   zclSE_ParseInCmd_ReportEventStatus (zcl_se)
                                                   zclSerializeData (zcl)
                                                   zclWriteAttrData (zcl)
                                                   zcl_SendCommand (zcl)
               CSTACK = 00000000 ( 00000004 )
    -------------------------------------------------------------------------
CODE
  Relative segment, address: 6BF0 - 6C05 (0x16 bytes), align: 1
  Segment part 49.
           ENTRY                   ADDRESS         REF BY
           =====                   =======         ======
           osal_memcmp             6BF0            zapDisInfo (zap_app)
                                                   zapSync (zap_app)
               CSTACK = 00000000 ( 00000004 )
    -------------------------------------------------------------------------
CODE
  Relative segment, address: 6C06 - 6C0B (0x6 bytes), align: 1
  Segment part 48.
           ENTRY                   ADDRESS         REF BY
           =====                   =======         ======
           osal_memset             6C06            osalInitTasks (OSAL_SimpleMeter)
                                                   zapPhySpiPoll (zap_phy)
                                                   zapSync (zap_app)
                                                   zapUtilReq (zap_util)
                                                   zb_GetDeviceInfo (zap_sapi)
                                                   zclParseHdr (zcl)
                                                   zclParseInConfigReportCmd (zcl)
                                                   zcl_SendCommand (zcl)
               calls direct
               CSTACK = 00000000 ( 00000004 )
    -------------------------------------------------------------------------
CODE
  Relative segment, address: 6C0C - 6C57 (0x4c bytes), align: 1
  Segment part 44.
           ENTRY                   ADDRESS         REF BY
           =====                   =======         ======
           osal_build_uint32       6C0C            ?Subroutine10 (zcl_se)
                                                   ?Subroutine12 (zcl_se)
                                                   ?Subroutine45 (zcl_se)
                                                   ?Subroutine47 (zcl_se)
                                                   Segment part 16 (zcl_se)
                                                   zclSE_ParseInCmd_DisplayMessage (zcl_se)
                                                   zclSE_ProcessInCmd_SimpleMeter_GetProfileRsp (zcl_se)
                                                   zcl_BuildAnalogData (zcl)
               CSTACK = 00000000 ( 00000008 )
    -------------------------------------------------------------------------
CODE
  Relative segment, address: 6C58 - 6C5F (0x8 bytes), align: 1
  Segment part 45.            Intra module refs:   osal_build_uint32
           LOCAL                   ADDRESS         
           =====                   =======         
           ?Subroutine9            6C58 
    -------------------------------------------------------------------------
CODE
  Relative segment, address: 6C60 - 6C6D (0xe bytes), align: 1
  Segment part 46.            Intra module refs:   ?Subroutine9
                                                   osal_build_uint32
           LOCAL                   ADDRESS         
           =====                   =======         
           ?Subroutine11           6C60 
    -------------------------------------------------------------------------
CODE
  Relative segment, address: 6C6E - 6DC1 (0x154 bytes), align: 1
  Segment part 38.
           ENTRY                   ADDRESS         REF BY
           =====                   =======         ======
           _ltoa                   6C6E            Segment part 52 (hal_lcd)
               calls direct
               CSTACK = 00000000 ( 00000032 )
    -------------------------------------------------------------------------
CODE
  Relative segment, address: 6DC2 - 6DC3 (0x2 bytes), align: 1
  Segment part 39.            Intra module refs:   _ltoa
           LOCAL                   ADDRESS         
           =====                   =======         
           ?Subroutine10           6DC2 
    -------------------------------------------------------------------------
CODE
  Relative segment, address: 6DC4 - 6DC9 (0x6 bytes), align: 1
  Segment part 40.            Intra module refs:   ?Subroutine10
                                                   _ltoa
    -------------------------------------------------------------------------
CODE
  Relative segment, address: 6DCA - 6DD7 (0xe bytes), align: 1
  Segment part 41.            Intra module refs:   _ltoa
           LOCAL                   ADDRESS         
           =====                   =======         
           ?Subroutine8            6DCA 
    -------------------------------------------------------------------------
CODE
  Relative segment, address: 6DD8 - 6DDF (0x8 bytes), align: 1
  Segment part 42.            Intra module refs:   _ltoa
           LOCAL                   ADDRESS         
           =====                   =======         
           ?Subroutine7            6DD8 
    -------------------------------------------------------------------------
CODE
  Relative segment, address: 6DE0 - 6DE9 (0xa bytes), align: 1
  Segment part 43.            Intra module refs:   _ltoa
           LOCAL                   ADDRESS         
           =====                   =======         
           ?Subroutine6            6DE0 
    -------------------------------------------------------------------------
CODE
  Relative segment, address: 6DEA - 6E15 (0x2c bytes), align: 1
  Segment part 36.
           ENTRY                   ADDRESS         REF BY
           =====                   =======         ======
           osal_msg_allocate       6DEA            OnBoard_SendKeys (hal_board)
                                                   ZDO_SendMsgCBs (zap_zdo)
                                                   ZDO_UpdateNwkStatus (zap_zdo)
                                                   afCnf (zap_af)
                                                   afRecv (zap_af)
                                                   zapPhySpiPoll (zap_phy)
                                                   zapUtilParseKeyInd (zap_util)
                                                   zclSendMsg (zcl)
               calls direct
               CSTACK = 00000000 ( 00000006 )
    -------------------------------------------------------------------------
CODE
  Relative segment, address: 6E16 - 6E35 (0x20 bytes), align: 1
  Segment part 34.            Intra module refs:   osal_msg_send
           ENTRY                   ADDRESS         REF BY
           =====                   =======         ======
           osal_msg_deallocate     6E16            Hal_ProcessEvent (hal_drivers)
                                                   simplemeter_event_loop (simplemeter)
                                                   zapEvt (zap_app)
                                                   zcl_event_loop (zcl)
               calls direct
               CSTACK = 00000000 ( 00000004 )
    -------------------------------------------------------------------------
CODE
  Relative segment, address: 6E36 - 6E83 (0x4e bytes), align: 1
  Segment part 35.
           ENTRY                   ADDRESS         REF BY
           =====                   =======         ======
           osal_msg_send           6E36            ?Subroutine11 (zcl)
                                                   ?Subroutine3 (zap_af)
                                                   OnBoard_SendKeys (hal_board)
                                                   ZDO_SendMsgCBs (zap_zdo)
                                                   ZDO_UpdateNwkStatus (zap_zdo)
                                                   zapPhySpiPoll (zap_phy)
                                                   zapUtilParseKeyInd (zap_util)
               calls direct
               CSTACK = 00000000 ( 00000006 )
    -------------------------------------------------------------------------
CODE
  Relative segment, address: 6E84 - 6EDB (0x58 bytes), align: 1
  Segment part 33.
           ENTRY                   ADDRESS         REF BY
           =====                   =======         ======
           osal_msg_receive        6E84            Hal_ProcessEvent (hal_drivers)
                                                   simplemeter_event_loop (simplemeter)
                                                   zapEvt (zap_app)
                                                   zcl_event_loop (zcl)
               calls direct
               CSTACK = 00000000 ( 0000000C )
    -------------------------------------------------------------------------
CODE
  Relative segment, address: 6EDC - 6EE1 (0x6 bytes), align: 1
  Segment part 30.            Intra module refs:   osal_msg_find
           LOCAL                   ADDRESS         
           =====                   =======         
           ?Subroutine2            6EDC 
    -------------------------------------------------------------------------
CODE
  Relative segment, address: 6EE2 - 6F09 (0x28 bytes), align: 1
  Segment part 31.            Intra module refs:   osal_msg_send
           ENTRY                   ADDRESS         REF BY
           =====                   =======         ======
           osal_msg_enqueue        6EE2 
               CSTACK = 00000000 ( 00000004 )
    -------------------------------------------------------------------------
CODE
  Relative segment, address: 6F0A - 6F2D (0x24 bytes), align: 1
  Segment part 32.
           ENTRY                   ADDRESS         REF BY
           =====                   =======         ======
           osal_msg_find           6F0A            ZDO_UpdateNwkStatus (zap_zdo)
               CSTACK = 00000000 ( 00000004 )
    -------------------------------------------------------------------------
CODE
  Relative segment, address: 6F2E - 6F55 (0x28 bytes), align: 1
  Segment part 27.            Intra module refs:   osal_msg_receive
           ENTRY                   ADDRESS         REF BY
           =====                   =======         ======
           osal_msg_extract        6F2E 
               CSTACK = 00000000 ( 00000006 )
    -------------------------------------------------------------------------
CODE
  Relative segment, address: 6F56 - 6F71 (0x1c bytes), align: 1
  Segment part 22.            Intra module refs:   osal_msg_receive
           ENTRY                   ADDRESS         REF BY
           =====                   =======         ======
           osal_clear_event        6F56 
               CSTACK = 00000000 ( 00000004 )
    -------------------------------------------------------------------------
CODE
  Relative segment, address: 6F72 - 6F77 (0x6 bytes), align: 1
  Segment part 23.            Intra module refs:   osal_clear_event
                                                   osal_set_event
           LOCAL                   ADDRESS         
           =====                   =======         
           ?Subroutine4            6F72 
    -------------------------------------------------------------------------
CODE
  Relative segment, address: 6F78 - 6F7D (0x6 bytes), align: 1
  Segment part 24.            Intra module refs:   osal_clear_event
                                                   osal_set_event
           LOCAL                   ADDRESS         
           =====                   =======         
           ?Subroutine1            6F78 
    -------------------------------------------------------------------------
CODE
  Relative segment, address: 6F7E - 6F9D (0x20 bytes), align: 1
  Segment part 25.            Intra module refs:   osal_msg_receive
                                                   osal_msg_send
           ENTRY                   ADDRESS         REF BY
           =====                   =======         ======
           osal_set_event          6F7E            ?Subroutine1 (zap_app)
                                                   HalKeyConfig (hal_key)
                                                   HalLedBlink (hal_led)
                                                   Segment part 25 (zap_zdo)
                                                   osalTimerUpdate (OSAL_Timers)
                                                   simplemeter_ProcessZDOMsgs (simplemeter)
                                                   zapAfSync (zap_af)
                                                   zapGotSync (zap_app)
               CSTACK = 00000000 ( 00000004 )
    -------------------------------------------------------------------------
CODE
  Relative segment, address: 6F9E - 6FA9 (0xc bytes), align: 1
  Segment part 18.
           ENTRY                   ADDRESS         REF BY
           =====                   =======         ======
           osal_int_disable        6F9E            main (hal_main)
               CSTACK = 00000000 ( 00000004 )
    -------------------------------------------------------------------------
CODE
  Relative segment, address: 6FAA - 6FAF (0x6 bytes), align: 1
  Segment part 19.            Intra module refs:   osal_int_disable
                                                   osal_int_enable
           LOCAL                   ADDRESS         
           =====                   =======         
           ?Subroutine3            6FAA 
    -------------------------------------------------------------------------
CODE
  Relative segment, address: 6FB0 - 6FBD (0xe bytes), align: 1
  Segment part 20.
           ENTRY                   ADDRESS         REF BY
           =====                   =======         ======
           osal_int_enable         6FB0            main (hal_main)
               CSTACK = 00000000 ( 00000004 )
    -------------------------------------------------------------------------
CODE
  Relative segment, address: 6FBE - 6FD9 (0x1c bytes), align: 1
  Segment part 17.
           ENTRY                   ADDRESS         REF BY
           =====                   =======         ======
           osal_init_system        6FBE            main (hal_main)
               calls direct
               CSTACK = 00000000 ( 00000004 )
    -------------------------------------------------------------------------
CODE
  Relative segment, address: 6FDA - 6FE1 (0x8 bytes), align: 1
  Segment part 16.
           ENTRY                   ADDRESS         REF BY
           =====                   =======         ======
           osal_start_system       6FDA            main (hal_main)
               calls direct
               CSTACK = 00000000 ( 00000004 )
    -------------------------------------------------------------------------
CODE
  Relative segment, address: 6FE2 - 7053 (0x72 bytes), align: 1
  Segment part 15.            Intra module refs:   osal_start_system
           ENTRY                   ADDRESS         REF BY
           =====                   =======         ======
           osal_run_system         6FE2 
               calls direct and indirect
               CSTACK = 00000000 ( 00000008 )
    -------------------------------------------------------------------------
CODE
  Relative segment, address: 7054 - 7057 (0x4 bytes), align: 1
  Segment part 11.
           ENTRY                   ADDRESS         REF BY
           =====                   =======         ======
           osal_buffer_uint24      7054            zclSE_SimpleMetering_Send_GetProfileRsp (zcl_se)
               CSTACK = 00000000 ( 00000004 )
    -------------------------------------------------------------------------
CODE
  Relative segment, address: 7058 - 705F (0x8 bytes), align: 1
  Segment part 12.            Intra module refs:   osal_buffer_uint24
                                                   osal_buffer_uint32
           LOCAL                   ADDRESS         
           =====                   =======         
           ?Subroutine0            7058 
    -------------------------------------------------------------------------
CODE
  Relative segment, address: 7060 - 706F (0x10 bytes), align: 1
  Segment part 13.
           ENTRY                   ADDRESS         REF BY
           =====                   =======         ======
           osal_buffer_uint32      7060            zclSE_SimpleMetering_Send_GetProfileRsp (zcl_se)
                                                   zclSerializeData (zcl)
               CSTACK = 00000000 ( 00000004 )
    -------------------------------------------------------------------------
CODE
  Relative segment, address: 7070 - 7083 (0x14 bytes), align: 1
  Segment part 14.            Intra module refs:   osal_buffer_uint24
                                                   osal_buffer_uint32
           LOCAL                   ADDRESS         
           =====                   =======         
           ?Subroutine5            7070 
    -------------------------------------------------------------------------
DATA16_ID
  Relative segment, address: 6A48 - 6A48 (0x1 bytes), align: 0
  Segment part 8.             Intra module refs:   activeTaskID
    -------------------------------------------------------------------------
DATA16_C
  Relative segment, address: 67E0 - 67E1 (0x2 bytes), align: 0
  Segment part 5.             Intra module refs:   ?Subroutine8
                                                   _ltoa

    *************************************************************************

  FILE NAME : C:\Texas Instruments\ZAP-MSP430-2.5.0\Projects\zstack\ZAP\SE-SampleApp\EXP5438\Simple Metering - End Device\Obj\OSAL_Memory.r43
  PROGRAM MODULE, NAME : OSAL_Memory

  SEGMENTS IN THE MODULE
  ======================
DATA16_N
  Relative segment, address: 2DC4 - 3DC3 (0x1000 bytes), align: 1
  Segment part 2.             Intra module refs:   osal_mem_alloc
                                                   osal_mem_free
                                                   osal_mem_init
           LOCAL                   ADDRESS         
           =====                   =======         
           theHeap                 2DC4 
    -------------------------------------------------------------------------
DATA16_N
  Relative segment, address: 3DC4 - 3DC5 (0x2 bytes), align: 1
  Segment part 3.             Intra module refs:   osal_mem_alloc
                                                   osal_mem_free
                                                   osal_mem_init
                                                   osal_mem_kick
           LOCAL                   ADDRESS         
           =====                   =======         
           ff1                     3DC4 
    -------------------------------------------------------------------------
DATA16_Z
  Relative segment, address: 2D99 - 2D99 (0x1 bytes), align: 0
  Segment part 4.             Intra module refs:   osal_mem_alloc
                                                   osal_mem_kick
           LOCAL                   ADDRESS         
           =====                   =======         
           osalMemStat             2D99 
    -------------------------------------------------------------------------
CODE
  Relative segment, address: 7084 - 70A1 (0x1e bytes), align: 1
  Segment part 8.
           ENTRY                   ADDRESS         REF BY
           =====                   =======         ======
           osal_mem_init           7084            osal_init_system (OSAL)
               CSTACK = 00000000 ( 00000004 )
    -------------------------------------------------------------------------
CODE
  Relative segment, address: 70A2 - 70D1 (0x30 bytes), align: 1
  Segment part 7.
           ENTRY                   ADDRESS         REF BY
           =====                   =======         ======
           osal_mem_kick           70A2            osal_init_system (OSAL)
               calls direct
               CSTACK = 00000000 ( 00000008 )
    -------------------------------------------------------------------------
CODE
  Relative segment, address: 70D2 - 718F (0xbe bytes), align: 1
  Segment part 6.             Intra module refs:   osal_mem_kick
           ENTRY                   ADDRESS         REF BY
           =====                   =======         ======
           osal_mem_alloc          70D2            ?Subroutine19 (zcl)
                                                   ?Subroutine31 (zcl)
                                                   ?Subroutine52 (zcl)
                                                   ?Subroutine53 (zcl)
                                                   HalLcdWriteString (hal_lcd)
                                                   Segment part 104 (zcl_se)
                                                   ZDO_ParseEPListRsp (zap_zdo)
                                                   ZDO_RegisterForZDOMsg (zap_zdo)
                                                   afRegisterExtended (zap_af)
                                                   osalAddTimer (OSAL_Timers)
                                                   osalInitTasks (OSAL_SimpleMeter)
                                                   osal_msg_allocate (OSAL)
                                                   simplemeter_Init (simplemeter)
                                                   simplemeter_ProcessInConfigReportCmd (simplemeter)
                                                   simplemeter_ProcessInReadReportCfgCmd (simplemeter)
                                                   zap_msg_allocate (zap_app)
                                                   zclGeneral_RegisterCmdCallbacks (zcl_general)
                                                   zclProcessInReadCmd (zcl)
                                                   zclProcessInWriteUndividedCmd (zcl)
                                                   zclSE_Init (se)
                                                   zclSE_ParseInCmd_DisplayMessage (zcl_se)
                                                   zclSE_ParseInCmd_PublishPrice (zcl_se)
                                                   zclSE_ProcessInCmd_SimpleMeter_GetProfileRsp (zcl_se)
                                                   zclSE_RegisterCmdCallbacks (zcl_se)
                                                   zcl_SendCommand (zcl)
               calls direct
               CSTACK = 00000000 ( 00000010 )
    -------------------------------------------------------------------------
CODE
  Relative segment, address: 7190 - 71CB (0x3c bytes), align: 1
  Segment part 5.             Intra module refs:   osal_mem_kick
           ENTRY                   ADDRESS         REF BY
           =====                   =======         ======
           osal_mem_free           7190            ?Subroutine26 (zcl)
                                                   ?Subroutine27 (zcl)
                                                   ?Subroutine56 (zcl_se)
                                                   HalLcdWriteString (hal_lcd)
                                                   Segment part 29 (zcl)
                                                   osalTimerUpdate (OSAL_Timers)
                                                   osal_msg_deallocate (OSAL)
                                                   simplemeter_ProcessInConfigReportCmd (simplemeter)
                                                   simplemeter_ProcessInReadReportCfgCmd (simplemeter)
                                                   simplemeter_ProcessZCLMsg (simplemeter)
                                                   simplemeter_ProcessZDOMsgs (simplemeter)
                                                   zap_msg_deallocate (zap_app)
                                                   zclProcessInReadCmd (zcl)
                                                   zclProcessInWriteCmd (zcl)
                                                   zclProcessInWriteUndividedCmd (zcl)
                                                   zclProcessMessageMSG (zcl)
                                                   zclSE_ProcessInCmd_Message_DisplayMessage (zcl_se)
                                                   zclSE_ProcessInCmd_Pricing_PublishPrice (zcl_se)
                                                   zclSE_ProcessInCmd_SimpleMeter_GetProfileRsp (zcl_se)
                                                   zcl_SendCommand (zcl)
               calls direct
               CSTACK = 00000000 ( 00000006 )

    *************************************************************************

  FILE NAME : C:\Texas Instruments\ZAP-MSP430-2.5.0\Projects\zstack\ZAP\SE-SampleApp\EXP5438\Simple Metering - End Device\Obj\OSAL_Nv.r43
  PROGRAM MODULE, NAME : OSAL_Nv

  SEGMENTS IN THE MODULE
  ======================
DATA16_C
  Relative segment, address: 5D0A - 5D0F (0x6 bytes), align: 1
  Segment part 2.             Intra module refs:   hotItem
           LOCAL                   ADDRESS         
           =====                   =======         
           hotIds                  5D0A 
    -------------------------------------------------------------------------
ZIGNV_ADDRESS_SPACE
  Relative segment, address: CA00 - F9FF (0x3000 bytes), align: 0
  Segment part 3.             Intra module refs:   pgOff
           ENTRY                   ADDRESS         REF BY
           =====                   =======         ======
           _nvBuf                  CA00 
    -------------------------------------------------------------------------
DATA16_Z
  Relative segment, address: 1DEA - 1E01 (0x18 bytes), align: 1
  Segment part 4.             Intra module refs:   compactPage
                                                   erasePage
                                                   initPage
                                                   writeItem
           LOCAL                   ADDRESS         
           =====                   =======         
           pgOff                   1DEA 
    -------------------------------------------------------------------------
DATA16_Z
  Relative segment, address: 1E02 - 1E19 (0x18 bytes), align: 1
  Segment part 5.             Intra module refs:   erasePage
                                                   initNV
                                                   initPage
                                                   setItem
                                                   writeItem
           LOCAL                   ADDRESS         
           =====                   =======         
           pgLost                  1E02 
    -------------------------------------------------------------------------
DATA16_Z
  Relative segment, address: 2D9A - 2D9A (0x1 bytes), align: 0
  Segment part 6.             Intra module refs:   ?Subroutine11
                                                   compactPage
                                                   initNV
           LOCAL                   ADDRESS         
           =====                   =======         
           pgRes                   2D9A 
    -------------------------------------------------------------------------
DATA16_Z
  Relative segment, address: 2D9B - 2D9D (0x3 bytes), align: 0
  Segment part 7.             Intra module refs:   hotItemUpdate
           LOCAL                   ADDRESS         
           =====                   =======         
           hotPg                   2D9B 
    -------------------------------------------------------------------------
DATA16_Z
  Relative segment, address: 1E1A - 1E1F (0x6 bytes), align: 1
  Segment part 8.             Intra module refs:   hotItemUpdate
           LOCAL                   ADDRESS         
           =====                   =======         
           hotOff                  1E1A 
    -------------------------------------------------------------------------
CODE
  Relative segment, address: 71CC - 721B (0x50 bytes), align: 1
  Segment part 10.            Intra module refs:   Segment part 24
                                                   compactPage
                                                   initPage
           LOCAL                   ADDRESS         
           =====                   =======         
           setItem                 71CC 
               calls direct
               CSTACK = 00000000 ( 00000014 )
    -------------------------------------------------------------------------
CODE
  Relative segment, address: 721C - 7221 (0x6 bytes), align: 1
  Segment part 11.            Intra module refs:   initNV
                                                   setItem
           LOCAL                   ADDRESS         
           =====                   =======         
           ?Subroutine0            721C 
    -------------------------------------------------------------------------
CODE
  Relative segment, address: 7222 - 7241 (0x20 bytes), align: 1
  Segment part 12.            Intra module refs:   ?Subroutine5
                                                   compactPage
                                                   writeItem
           LOCAL                   ADDRESS         
           =====                   =======         
           calcChkF                7222 
               CSTACK = 00000000 ( 00000004 )
    -------------------------------------------------------------------------
CODE
  Relative segment, address: 7242 - 7301 (0xc0 bytes), align: 1
  Segment part 13.            Intra module refs:   findItem
                                                   initNV
           LOCAL                   ADDRESS         
           =====                   =======         
           initPage                7242 
               calls direct
               CSTACK = 00000000 ( 0000001A )
    -------------------------------------------------------------------------
CODE
  Relative segment, address: 7302 - 7307 (0x6 bytes), align: 1
  Segment part 14.            Intra module refs:   compactPage
                                                   initPage
           LOCAL                   ADDRESS         
           =====                   =======         
           ?Subroutine4            7302 
    -------------------------------------------------------------------------
CODE
  Relative segment, address: 7308 - 7309 (0x2 bytes), align: 1
  Segment part 15.            Intra module refs:   ?Subroutine4
                                                   writeItem
    -------------------------------------------------------------------------
CODE
  Relative segment, address: 730A - 730F (0x6 bytes), align: 1
  Segment part 16.            Intra module refs:   Segment part 15
                                                   writeItem
    -------------------------------------------------------------------------
CODE
  Relative segment, address: 7310 - 7349 (0x3a bytes), align: 1
  Segment part 17.            Intra module refs:   initPage
           LOCAL                   ADDRESS         
           =====                   =======         
           findItem                7310 
               calls direct
               CSTACK = 00000000 ( 0000000C )
    -------------------------------------------------------------------------
CODE
  Relative segment, address: 734A - 7361 (0x18 bytes), align: 1
  Segment part 18.            Intra module refs:   ?Subroutine8
           LOCAL                   ADDRESS         
           =====                   =======         
           hotItem                 734A 
               CSTACK = 00000000 ( 00000004 )
    -------------------------------------------------------------------------
CODE
  Relative segment, address: 7362 - 7369 (0x8 bytes), align: 1
  Segment part 24.            Intra module refs:   initPage
    -------------------------------------------------------------------------
CODE
  Relative segment, address: 736A - 7375 (0xc bytes), align: 1
  Segment part 27.            Intra module refs:   xferBuf
    -------------------------------------------------------------------------
CODE
  Relative segment, address: 7376 - 737F (0xa bytes), align: 1
  Segment part 28.            Intra module refs:   hotItemUpdate
           LOCAL                   ADDRESS         
           =====                   =======         
           ?Subroutine8            7376 
    -------------------------------------------------------------------------
CODE
  Relative segment, address: 7380 - 73A3 (0x24 bytes), align: 1
  Segment part 30.            Intra module refs:   ?Subroutine11
                                                   initNV
           LOCAL                   ADDRESS         
           =====                   =======         
           setPageUse              7380 
               calls direct
               CSTACK = 00000000 ( 0000000C )
    -------------------------------------------------------------------------
CODE
  Relative segment, address: 73A4 - 73CF (0x2c bytes), align: 1
  Segment part 31.            Intra module refs:   ?Subroutine11
                                                   compactPage
                                                   initNV
           LOCAL                   ADDRESS         
           =====                   =======         
           erasePage               73A4 
               calls direct
               CSTACK = 00000000 ( 0000000C )
    -------------------------------------------------------------------------
CODE
  Relative segment, address: 73D0 - 73EB (0x1c bytes), align: 1
  Segment part 32.            Intra module refs:   compactPage
                                                   writeItem
           LOCAL                   ADDRESS         
           =====                   =======         
           hotItemUpdate           73D0 
               calls direct
               CSTACK = 00000000 ( 00000006 )
    -------------------------------------------------------------------------
CODE
  Relative segment, address: 73EC - 740B (0x20 bytes), align: 1
  Segment part 33.            Intra module refs:   compactPage
           LOCAL                   ADDRESS         
           =====                   =======         
           xferBuf                 73EC 
               calls direct
               CSTACK = 00000000 ( 00000006 )
    -------------------------------------------------------------------------
CODE
  Relative segment, address: 740C - 7511 (0x106 bytes), align: 1
  Segment part 34.            Intra module refs:   compactPage
           LOCAL                   ADDRESS         
           =====                   =======         
           writeItem               740C 
               calls direct
               CSTACK = 00000000 ( 00000022 )
    -------------------------------------------------------------------------
CODE
  Relative segment, address: 7512 - 760B (0xfa bytes), align: 1
  Segment part 35.            Intra module refs:   initNV
           LOCAL                   ADDRESS         
           =====                   =======         
           compactPage             7512 
               calls direct
               CSTACK = 00000000 ( 00000020 )
    -------------------------------------------------------------------------
CODE
  Relative segment, address: 760C - 761B (0x10 bytes), align: 1
  Segment part 36.            Intra module refs:   compactPage
                                                   initPage
           LOCAL                   ADDRESS         
           =====                   =======         
           ?Subroutine6            760C 
    -------------------------------------------------------------------------
CODE
  Relative segment, address: 761C - 7629 (0xe bytes), align: 1
  Segment part 37.            Intra module refs:   compactPage
                                                   initPage
           LOCAL                   ADDRESS         
           =====                   =======         
           ?Subroutine5            761C 
    -------------------------------------------------------------------------
CODE
  Relative segment, address: 762A - 762B (0x2 bytes), align: 1
  Segment part 38.            Intra module refs:   readHdr
                                                   setPageUse
           LOCAL                   ADDRESS         
           =====                   =======         
           ?Subroutine2            762A 
    -------------------------------------------------------------------------
CODE
  Relative segment, address: 762C - 762D (0x2 bytes), align: 1
  Segment part 39.            Intra module refs:   ?Subroutine2
                                                   compactPage
                                                   xferBuf
    -------------------------------------------------------------------------
CODE
  Relative segment, address: 762E - 7637 (0xa bytes), align: 1
  Segment part 40.            Intra module refs:   Segment part 39
                                                   setItem
    -------------------------------------------------------------------------
CODE
  Relative segment, address: 7638 - 7647 (0x10 bytes), align: 1
  Segment part 42.            Intra module refs:   compactPage
           LOCAL                   ADDRESS         
           =====                   =======         
           ?Subroutine11           7638 
    -------------------------------------------------------------------------
CODE
  Relative segment, address: 7648 - 7729 (0xe2 bytes), align: 1
  Segment part 45.            Intra module refs:   osal_nv_init
           LOCAL                   ADDRESS         
           =====                   =======         
           initNV                  7648 
               calls direct
               CSTACK = 00000000 ( 00000014 )
    -------------------------------------------------------------------------
CODE
  Relative segment, address: 772A - 773D (0x14 bytes), align: 1
  Segment part 9.             Intra module refs:   Segment part 16
                                                   compactPage
                                                   initNV
                                                   setItem
           LOCAL                   ADDRESS         
           =====                   =======         
           readHdr                 772A 
               CSTACK = 00000000 ( 00000004 )
    -------------------------------------------------------------------------
CODE
  Relative segment, address: 773E - 7741 (0x4 bytes), align: 1
  Segment part 46.
           ENTRY                   ADDRESS         REF BY
           =====                   =======         ======
           osal_nv_init            773E            main (hal_main)
               calls direct
               CSTACK = 00000000 ( 00000004 )

    *************************************************************************

  FILE NAME : C:\Texas Instruments\ZAP-MSP430-2.5.0\Projects\zstack\ZAP\SE-SampleApp\EXP5438\Simple Metering - End Device\Obj\OSAL_PwrMgr.r43
  PROGRAM MODULE, NAME : OSAL_PwrMgr

  SEGMENTS IN THE MODULE
  ======================
DATA16_Z
  Relative segment, address: 1E20 - 1E27 (0x8 bytes), align: 1
  Segment part 2.             Intra module refs:   osal_pwrmgr_init
           ENTRY                   ADDRESS         REF BY
           =====                   =======         ======
           pwrmgr_attribute        1E20 
    -------------------------------------------------------------------------
CODE
  Relative segment, address: 7742 - 774B (0xa bytes), align: 1
  Segment part 5.
           ENTRY                   ADDRESS         REF BY
           =====                   =======         ======
           osal_pwrmgr_init        7742            osal_init_system (OSAL)
               CSTACK = 00000000 ( 00000004 )

    *************************************************************************

  FILE NAME : C:\Texas Instruments\ZAP-MSP430-2.5.0\Projects\zstack\ZAP\SE-SampleApp\EXP5438\Simple Metering - End Device\Obj\OSAL_SimpleMeter.r43
  PROGRAM MODULE, NAME : OSAL_SimpleMeter

  SEGMENTS IN THE MODULE
  ======================
DATA16_C
  Relative segment, address: 5D10 - 5D1F (0x10 bytes), align: 1
  Segment part 2.
           ENTRY                   ADDRESS         REF BY
           =====                   =======         ======
           tasksArr                5D10            osal_run_system (OSAL)
    -------------------------------------------------------------------------
DATA16_C
  Relative segment, address: 67E2 - 67E2 (0x1 bytes), align: 0
  Segment part 3.
           ENTRY                   ADDRESS         REF BY
           =====                   =======         ======
           tasksCnt                67E2            osal_clear_event (OSAL)
                                                   osal_msg_send (OSAL)
                                                   osal_run_system (OSAL)
                                                   osal_set_event (OSAL)
    -------------------------------------------------------------------------
DATA16_Z
  Relative segment, address: 1E28 - 1E29 (0x2 bytes), align: 1
  Segment part 4.             Intra module refs:   osalInitTasks
           ENTRY                   ADDRESS         REF BY
           =====                   =======         ======
           tasksEvents             1E28            osal_clear_event (OSAL)
                                                   osal_run_system (OSAL)
                                                   osal_set_event (OSAL)
    -------------------------------------------------------------------------
CODE
  Relative segment, address: 774C - 7777 (0x2c bytes), align: 1
  Segment part 5.
           ENTRY                   ADDRESS         REF BY
           =====                   =======         ======
           osalInitTasks           774C            osal_init_system (OSAL)
               calls direct
               CSTACK = 00000000 ( 00000004 )

    *************************************************************************

  FILE NAME : C:\Texas Instruments\ZAP-MSP430-2.5.0\Projects\zstack\ZAP\SE-SampleApp\EXP5438\Simple Metering - End Device\Obj\OSAL_Timers.r43
  PROGRAM MODULE, NAME : OSAL_Timers

  SEGMENTS IN THE MODULE
  ======================
DATA16_Z
  Relative segment, address: 1E2A - 1E2B (0x2 bytes), align: 1
  Segment part 2.             Intra module refs:   osalAddTimer
                                                   osalFindTimer
                                                   osalTimerUpdate
           ENTRY                   ADDRESS         REF BY
           =====                   =======         ======
           timerHead               1E2A 
    -------------------------------------------------------------------------
DATA16_Z
  Relative segment, address: 1E2C - 1E2F (0x4 bytes), align: 1
  Segment part 3.             Intra module refs:   osalTimerInit
                                                   osalTimerUpdate
                                                   osal_GetSystemClock
           LOCAL                   ADDRESS         
           =====                   =======         
           osal_systemClock        1E2C 
    -------------------------------------------------------------------------
CODE
  Relative segment, address: 7778 - 7781 (0xa bytes), align: 1
  Segment part 14.
           ENTRY                   ADDRESS         REF BY
           =====                   =======         ======
           osalTimerInit           7778            osal_init_system (OSAL)
               CSTACK = 00000000 ( 00000004 )
    -------------------------------------------------------------------------
CODE
  Relative segment, address: 7782 - 77D9 (0x58 bytes), align: 1
  Segment part 11.            Intra module refs:   osal_start_timerEx
           ENTRY                   ADDRESS         REF BY
           =====                   =======         ======
           osalAddTimer            7782 
               calls direct
               CSTACK = 00000000 ( 0000000C )
    -------------------------------------------------------------------------
CODE
  Relative segment, address: 77DA - 77F5 (0x1c bytes), align: 1
  Segment part 7.             Intra module refs:   osalAddTimer
                                                   osal_stop_timerEx
           ENTRY                   ADDRESS         REF BY
           =====                   =======         ======
           osalFindTimer           77DA 
               CSTACK = 00000000 ( 00000004 )
    -------------------------------------------------------------------------
CODE
  Relative segment, address: 77F6 - 77FF (0xa bytes), align: 1
  Segment part 9.             Intra module refs:   osal_stop_timerEx
           ENTRY                   ADDRESS         REF BY
           =====                   =======         ======
           osalDeleteTimer         77F6 
               CSTACK = 00000000 ( 00000004 )
    -------------------------------------------------------------------------
CODE
  Relative segment, address: 7800 - 781B (0x1c bytes), align: 1
  Segment part 13.
           ENTRY                   ADDRESS         REF BY
           =====                   =======         ======
           osal_start_timerEx      7800            ?Subroutine1 (zap_app)
                                                   ?Subroutine10 (zap_zdo)
                                                   ?Subroutine2 (simplemeter)
                                                   HalLedUpdate (hal_led)
                                                   Hal_ProcessEvent (hal_drivers)
                                                   halBoardPort1Isr (hal_key)
                                                   simplemeter_Init (simplemeter)
                                                   simplemeter_ProcessIdentifyTimeChange (simplemeter)
                                                   simplemeter_event_loop (simplemeter)
                                                   zapAfSync (zap_af)
                                                   zapGotSync (zap_app)
               calls direct
               CSTACK = 00000000 ( 00000006 )
    -------------------------------------------------------------------------
CODE
  Relative segment, address: 781C - 783F (0x24 bytes), align: 1
  Segment part 10.
           ENTRY                   ADDRESS         REF BY
           =====                   =======         ======
           osal_stop_timerEx       781C            HalKeyConfig (hal_key)
                                                   simplemeter_ProcessIdentifyTimeChange (simplemeter)
               calls direct
               CSTACK = 00000000 ( 00000004 )
    -------------------------------------------------------------------------
CODE
  Relative segment, address: 7840 - 78E5 (0xa6 bytes), align: 1
  Segment part 5.
           ENTRY                   ADDRESS         REF BY
           =====                   =======         ======
           osalTimerUpdate         7840            osalTimeUpdate (hal_board)
               calls direct
               CSTACK = 00000000 ( 00000010 )
    -------------------------------------------------------------------------
CODE
  Relative segment, address: 78E6 - 78EF (0xa bytes), align: 1
  Segment part 4.
           ENTRY                   ADDRESS         REF BY
           =====                   =======         ======
           osal_GetSystemClock     78E6            HalLedBlink (hal_led)
                                                   HalLedUpdate (hal_led)
                                                   Hal_UART_RxProcessEvent (hal_uart)
               CSTACK = 00000000 ( 00000004 )

    *************************************************************************

  FILE NAME : C:\Texas Instruments\ZAP-MSP430-2.5.0\Projects\zstack\ZAP\SE-SampleApp\EXP5438\Simple Metering - End Device\Obj\hal_adc.r43
  PROGRAM MODULE, NAME : hal_adc

  SEGMENTS IN THE MODULE
  ======================
DATA16_AN
  Relative segment, address: 0700 - 0701 (0x2 bytes), align: 0
  Segment part 1. ROOT.
           ENTRY                   ADDRESS         REF BY
           =====                   =======         ======
           _A_ADC12CTL0_L          0700 
           LOCAL                   ADDRESS         
           =====                   =======         
           ADC12CTL0               0700 
           ADC12CTL0_H             0701 
           ADC12CTL0_L             0700 
    -------------------------------------------------------------------------
DATA16_AN
  Relative segment, address: 0702 - 0703 (0x2 bytes), align: 0
  Segment part 2. ROOT.
           ENTRY                   ADDRESS         REF BY
           =====                   =======         ======
           _A_ADC12CTL1_L          0702 
           LOCAL                   ADDRESS         
           =====                   =======         
           ADC12CTL1               0702 
           ADC12CTL1_H             0703 
           ADC12CTL1_L             0702 
    -------------------------------------------------------------------------
DATA16_AN
  Relative segment, address: 0704 - 0705 (0x2 bytes), align: 0
  Segment part 3. ROOT.
           ENTRY                   ADDRESS         REF BY
           =====                   =======         ======
           _A_ADC12CTL2_L          0704 
           LOCAL                   ADDRESS         
           =====                   =======         
           ADC12CTL2               0704 
           ADC12CTL2_H             0705 
           ADC12CTL2_L             0704 
    -------------------------------------------------------------------------
DATA16_AN
  Relative segment, address: 070A - 070B (0x2 bytes), align: 0
  Segment part 4. ROOT.
           ENTRY                   ADDRESS         REF BY
           =====                   =======         ======
           _A_ADC12IFG_L           070A 
           LOCAL                   ADDRESS         
           =====                   =======         
           ADC12IFG                070A 
           ADC12IFG_H              070B 
           ADC12IFG_L              070A 
    -------------------------------------------------------------------------
DATA16_AN
  Relative segment, address: 0720 - 0721 (0x2 bytes), align: 0
  Segment part 5. ROOT.
           ENTRY                   ADDRESS         REF BY
           =====                   =======         ======
           _A_ADC12MEM0_L          0720 
           LOCAL                   ADDRESS         
           =====                   =======         
           ADC12MEM0               0720 
           ADC12MEM0_H             0721 
           ADC12MEM0_L             0720 
    -------------------------------------------------------------------------
DATA16_AN
  Relative segment, address: 0710 - 0710 (0x1 bytes), align: 0
  Segment part 6. ROOT.
           ENTRY                   ADDRESS         REF BY
           =====                   =======         ======
           ADC12MCTL0              0710 
    -------------------------------------------------------------------------
CODE
  Relative segment, address: 78F0 - 78F1 (0x2 bytes), align: 1
  Segment part 11.
           ENTRY                   ADDRESS         REF BY
           =====                   =======         ======
           HalAdcInit              78F0            HalDriverInit (hal_drivers)
               CSTACK = 00000000 ( 00000004 )

    *************************************************************************

  FILE NAME : C:\Texas Instruments\ZAP-MSP430-2.5.0\Projects\zstack\ZAP\SE-SampleApp\EXP5438\Simple Metering - End Device\Obj\hal_assert.r43
  PROGRAM MODULE, NAME : hal_assert

  SEGMENTS IN THE MODULE
  ======================
DATA16_AN
  Relative segment, address: 0200 - 0201 (0x2 bytes), align: 0
[...]
                                                   simpleMeterDailyFreezeTime (simplemeter_data)
                                                   simpleMeterDefaultUpdatePeriod (simplemeter_data)
                                                   simpleMeterDemandFormatting (simplemeter_data)
                                                   simpleMeterDeviceEnabled (simplemeter_data)
                                                   simpleMeterDivisor (simplemeter_data)
                                                   simpleMeterFastPollUpdatePeriod (simplemeter_data)
                                                   simpleMeterHistoricalConsumptionFormatting (simplemeter_data)
                                                   simpleMeterInstanteneousDemand (simplemeter_data)
                                                   simpleMeterLocationDescription (simplemeter_data)
                                                   simpleMeterMaxNumberOfPeriodsDelivered (simplemeter_data)
                                                   simpleMeterMultiplier (simplemeter_data)
                                                   simpleMeterOptions (simplemeter_data)
                                                   simpleMeterPowerFactor (simplemeter_data)
                                                   simpleMeterPreviousdayConsumptionDelivered (simplemeter_data)
                                                   simpleMeterPreviousdayConsumtpionReceived (simplemeter_data)
                                                   simpleMeterSimpleDesc (simplemeter_data)
                                                   simpleMeterStatus (simplemeter_data)
                                                   simpleMeterSummationFormating (simplemeter_data)
                                                   simpleMeterTimeStatus (simplemeter_data)
                                                   simpleMeterUnitOfMeasure (simplemeter_data)
                                                   simplemeter_GenCmdCallbacks (simplemeter)
                                                   simplemeter_SECmdCallbacks (simplemeter)
                                                   zcl_RegisteredMsgTaskID (zcl)
    -------------------------------------------------------------------------
CSTART
  Relative segment, address: 5C28 - 5C2F (0x8 bytes), align: 1
  Segment part 22.            Intra module refs:   ?cstart_call_low_level_init
                                                   Segment part 12
           ENTRY                   ADDRESS         REF BY
           =====                   =======         ======
           ?cstart_call_main       5C28 
           ?cstart_end             5C30 

    -------------------------------------------------------------------------
  LIBRARY MODULE, NAME : ?reset_vector

  SEGMENTS IN THE MODULE
  ======================
RESET
  Relative segment, address: FFFE - FFFF (0x2 bytes), align: 1
  Segment part 0.
           ENTRY                   ADDRESS         REF BY
           =====                   =======         ======
           ?reset_vector           FFFE            Segment part 12 (?cstart)

    -------------------------------------------------------------------------
  LIBRARY MODULE, NAME : ?DivMod816u

  SEGMENTS IN THE MODULE
  ======================
CODE
  Relative segment, address: C6FE - C719 (0x1c bytes), align: 1
  Segment part 0.
           ENTRY                   ADDRESS         REF BY
           =====                   =======         ======
           ?DivMod8u               C6FE 
           ?DivMod16u              C702            ?Subroutine0 (hal_board)
                                                   _itoa (hal_board)
                                                   zclParseInReadReportCfgCmd (zcl)

    -------------------------------------------------------------------------
  LIBRARY MODULE, NAME : ?DivMod32u

  SEGMENTS IN THE MODULE
  ======================
CODE
  Relative segment, address: C71A - C751 (0x38 bytes), align: 1
  Segment part 0.
           ENTRY                   ADDRESS         REF BY
           =====                   =======         ======
           ?DivMod32u              C71A            ?Subroutine6 (OSAL)
                                                   HalLedUpdate (hal_led)
                                                   _ltoa (OSAL)

    -------------------------------------------------------------------------
  LIBRARY MODULE, NAME : ?ShiftLeft32_8n

  SEGMENTS IN THE MODULE
  ======================
CODE
  Relative segment, address: C752 - C75D (0xc bytes), align: 1
  Segment part 6.
           ENTRY                   ADDRESS         REF BY
           =====                   =======         ======
           ?ShiftLeft32_8          C752            ?Subroutine11 (OSAL)
                                                   afIncMsgPktParse (zap_af)

    -------------------------------------------------------------------------
  LIBRARY MODULE, NAME : ?memcpy

  SEGMENTS IN THE MODULE
  ======================
CODE
  Relative segment, address: C75E - C777 (0x1a bytes), align: 1
  Segment part 2.
           ENTRY                   ADDRESS         REF BY
           =====                   =======         ======
           memcpy                  C75E            __data16_memcpy (?memzero)
               CSTACK = 00000000 ( 00000006 )

    -------------------------------------------------------------------------
  LIBRARY MODULE, NAME : ?CopyMemoryWords

  SEGMENTS IN THE MODULE
  ======================
CODE
  Relative segment, address: C778 - C787 (0x10 bytes), align: 1
  Segment part 0.
           ENTRY                   ADDRESS         REF BY
           =====                   =======         ======
           ?CopyMemoryWords        C778            simplemeter_GetProfileCmdCB (simplemeter)
                                                   zclSendMsg (zcl)

    -------------------------------------------------------------------------
  LIBRARY MODULE, NAME : ?ClearMemoryBytes

  SEGMENTS IN THE MODULE
  ======================
CODE
  Relative segment, address: C788 - C797 (0x10 bytes), align: 1
  Segment part 0.
           ENTRY                   ADDRESS         REF BY
           =====                   =======         ======
           ?ClearMemoryBytes       C788            ?Subroutine7 (OSAL)

    -------------------------------------------------------------------------
  LIBRARY MODULE, NAME : ?memset

  SEGMENTS IN THE MODULE
  ======================
CODE
  Relative segment, address: C798 - C7AF (0x18 bytes), align: 1
  Segment part 2.
           ENTRY                   ADDRESS         REF BY
           =====                   =======         ======
           memset                  C798            osal_memset (OSAL)
               CSTACK = 00000000 ( 00000006 )

    -------------------------------------------------------------------------
  LIBRARY MODULE, NAME : ?memzero

  SEGMENTS IN THE MODULE
  ======================
CODE
  Relative segment, address: C7B0 - C7C1 (0x12 bytes), align: 1
  Segment part 4.
           ENTRY                   ADDRESS         REF BY
           =====                   =======         ======
           __data16_memzero        C7B0            ?cstart_init_zero (?cstart)
               CSTACK = 00000000 ( 00000004 )
    -------------------------------------------------------------------------
CODE
  Relative segment, address: C7C2 - C7C5 (0x4 bytes), align: 1
  Segment part 3.
           ENTRY                   ADDRESS         REF BY
           =====                   =======         ======
           __data16_memcpy         C7C2            ?cstart_init_copy (?cstart)
               calls direct
               CSTACK = 00000000 ( 00000004 )

    -------------------------------------------------------------------------
  LIBRARY MODULE, NAME : ?IndCallR9

  SEGMENTS IN THE MODULE
  ======================
CODE
  Relative segment, address: C7C6 - C7C9 (0x4 bytes), align: 1
  Segment part 0.
           ENTRY                   ADDRESS         REF BY
           =====                   =======         ======
           ?IndCallR9              C7C6            zclSE_ProcessInCmd_Pricing_PublishPrice (zcl_se)

    -------------------------------------------------------------------------
  LIBRARY MODULE, NAME : ?IndCallR11

  SEGMENTS IN THE MODULE
  ======================
CODE
  Relative segment, address: C7CA - C7CD (0x4 bytes), align: 1
  Segment part 0.
           ENTRY                   ADDRESS         REF BY
           =====                   =======         ======
           ?IndCallR11             C7CA            ?Subroutine30 (zcl_se)
                                                   ?Subroutine31 (zcl_se)
                                                   zclAuthorizeWrite (zcl)
                                                   zclGeneral_ProcessInIdentity (zcl_general)
                                                   zclGetAttrDataLengthUsingCB (zcl)
                                                   zclProcessInReadCmd (zcl)
                                                   zclReadAttrDataUsingCB (zcl)
                                                   zclSE_ProcessInCmd_LoadControl_LoadControlEvent (zcl_se)
                                                   zclSE_ProcessInCmd_Message_DisplayMessage (zcl_se)
                                                   zclSE_ProcessInCmd_SimpleMeter_GetProfileRsp (zcl_se)
                                                   zclWriteAttrDataUsingCB (zcl)

    -------------------------------------------------------------------------
  LIBRARY MODULE, NAME : ?IndCallR15

  SEGMENTS IN THE MODULE
  ======================
CODE
  Relative segment, address: C7CE - C7D1 (0x4 bytes), align: 1
  Segment part 0.
           ENTRY                   ADDRESS         REF BY
           =====                   =======         ======
           ?IndCallR15             C7CE            ?Subroutine35 (zcl_se)
                                                   osal_run_system (OSAL)
                                                   zapProcessIncoming (zap_app)
                                                   zclGeneral_HdlInSpecificCommands (zcl_general)
                                                   zclProcessMessageMSG (zcl)

    -------------------------------------------------------------------------
  LIBRARY MODULE, NAME : ?strcat

  SEGMENTS IN THE MODULE
  ======================
CODE
  Relative segment, address: C7D2 - C7ED (0x1c bytes), align: 1
  Segment part 2.
           ENTRY                   ADDRESS         REF BY
           =====                   =======         ======
           strcat                  C7D2            ?Subroutine8 (OSAL)
                                                   Segment part 40 (OSAL)
               CSTACK = 00000000 ( 00000004 )

    -------------------------------------------------------------------------
  LIBRARY MODULE, NAME : ?strcpy

  SEGMENTS IN THE MODULE
  ======================
CODE
  Relative segment, address: C7EE - C7FF (0x12 bytes), align: 1
  Segment part 2.
           ENTRY                   ADDRESS         REF BY
           =====                   =======         ======
           strcpy                  C7EE            _ltoa (OSAL)
               CSTACK = 00000000 ( 00000004 )

    -------------------------------------------------------------------------
  LIBRARY MODULE, NAME : ?strlen

  SEGMENTS IN THE MODULE
  ======================
CODE
  Relative segment, address: C800 - C811 (0x12 bytes), align: 1
  Segment part 2.
           ENTRY                   ADDRESS         REF BY
           =====                   =======         ======
           strlen                  C800            _ltoa (OSAL)
                                                   osal_strlen (OSAL)
               CSTACK = 00000000 ( 00000004 )




                ****************************************
                *                                      *
                *            MODULE SUMMARY            *
                *                                      *
                ****************************************

Module                CODE      DATA      CONST
------                ----      ----      -----
                     (Rel)  (Rel)  (Abs)  (Rel)
?ClearMemoryBytes       16
?CopyMemoryWords        16
?DivMod32u              56
?DivMod816u             28
?IndCallR11              4
?IndCallR15              4
?IndCallR9               4
?Mul8HwLoc2             30
?ShiftLeft32_8n         12
?__exit                  4
?_exit                   4
?clibexit                4
?cstart                 48
?memcpy                 26
?memset                 24
?memzero                22
?reset_vector            2
?strcat                 28
?strcpy                 18
?strlen                 18
MSP430FlashUtil        148      3      4
  + shared                             2
OSAL                 1 194      3             3
OSAL_Memory            328  4 099
OSAL_Nv             13 686     58             6
OSAL_PwrMgr             10      8
OSAL_SimpleMeter        44      2            17
OSAL_Timers            376      6
hal_adc                  2            11
hal_assert             312      1
  + shared                            12
hal_board              434     16      6      1
  + shared             110             2
  + common
hal_dco                422            14
  + shared                             2
hal_drivers            114      1
hal_key                382      7      2
  + shared              86             6
  + common
hal_lcd                888  3 866     20  2 424
  + shared                             2
hal_led                584     42
hal_main               110
hal_spi                122            14
hal_startup             10
hal_timer                4             8
  + common             122
hal_uart               140     34     12
  + common              94
se                      40
simplemeter          1 294    181           185
simplemeter_data              219           700
zap_af               1 004      2
zap_app              1 084     31            96
zap_certs              106                   99
zap_phy                716      2
zap_sapi               240
zap_sys                402
zap_util               594     18
zap_zdo                762     26
zap_znp                430
zcl                  6 170     15           113
zcl_general            498      3
zcl_se               3 294      3
N/A (command line)            512
N/A (alignment)
----------          ------  -----    ---  -----
Total:              36 312  9 158    117  3 644
  + common             122


                ****************************************
                *                                      *
                *      SEGMENTS IN ADDRESS ORDER       *
                *                                      *
                ****************************************


SEGMENT              SPACE    START ADDRESS   END ADDRESS     SIZE  TYPE  ALIGN
=======              =====    =============   ===========     ====  ====  =====
DATA16_AN                              0120 - 0121               2   rel    0
                                       0124 - 0127               4 
                                       012C - 012D               2 
                                       0140 - 0141               2 
                                       0144 - 0145               2 
                                       015C - 015D               2 
                                       0160 - 0165               6 
                                       0168 - 0169               2 
                                       0200 - 0207               8 
                                       020A - 020B               2 
                                       0218 - 021D               6 
                                       0222 - 0225               4 
                                       022A - 022B               2 
                                       0244 - 0245               2 
                                       024A - 024B               2 
                                       0260 - 0267               8 
                                       026A - 026B               2 
                                       0282 - 0285               4 
                                       028A - 028B               2 
                                       0340 - 0343               4 
                                       0348 - 0349               2 
                                       0352 - 0353               2 
                                       0358 - 0359               2 
                                       03C0 - 03C3               4 
                                       03D0 - 03D3               4 
                                       05E0 - 05E1               2 
                                       05E6 - 05E7               2 
                                       05EC - 05EC               1 
                                       05EE - 05EE               1 
                                       05FC - 05FD               2 
                                       0600 - 0601               2 
                                       0606 - 0607               2 
                                       060C - 060C               1 
                                       060E - 060E               1 
                                       061C - 061D               2 
                                       0660 - 0661               2 
                                       0666 - 0667               2 
                                       066A - 066A               1 
                                       066E - 066E               1 
                                       067C - 067D               2 
                                       0700 - 0705               6 
                                       070A - 070B               2 
                                       0710 - 0710               1 
                                       0720 - 0721               2 
DATA16_I                               1C00 - 1DE5             1E6   rel    1
DATA16_Z                               1DE6 - 2DC3             FDE   rel    1
DATA16_N                               2DC4 - 3DC5            1002   rel    1
CSTACK                                 5A00 - 5BFF             200   rel    1
CSTART                                 5C00 - 5C2F              30   rel    1
ISR_CODE                               5C30 - 5D09              DA   rel    1
DATA16_C                               5D0A - 695F             C56   rel    1
DATA16_ID                              6960 - 6B45             1E6   rel    1
CODE                                   6B46 - C811            5CCC   rel    1
ZIGNV_ADDRESS_SPACE
                                       CA00 - F9FF            3000   rel    0
INTVEC                                 FF80 - FFF9              7A   com    1
RESET                                  FFFE - FFFF               2   rel    1

                ****************************************
                *                                      *
                *        END OF CROSS REFERENCE        *
                *                                      *
                ****************************************

 36 434 bytes of CODE  memory
  9 158 bytes of DATA  memory (+ 117 absolute )
  3 644 bytes of CONST memory

Errors: none
Warnings: none

