################################################################################
#                                                                              #
#      IAR Universal Linker V5.2.4.16                                          #
#                                                                              #
#           Link time     =  29/Jan/2012  16:16:38                             #
#           Target CPU    =  MSP430                                            #
#           List file     =  "C:\Texas Instruments\ZAP-MSP430-2.5.0\Projects\z #
#                            stack\ZAP\SE-SampleApp\EXP5438\ESP - Coordinator\ #
#                            List\SampleApp.map"                               #
#           Output file 1 =  "C:\Texas Instruments\ZAP-MSP430-2.5.0\Projects\z #
#                            stack\ZAP\SE-SampleApp\EXP5438\ESP - Coordinator\ #
#                            Exe\SampleApp.d43"                                #
#                            Format: debug                                     #
#                            UBROF version 10.0.6                              #
#                            Using library modules for C-SPY (-rt)             #
#           Command line  =  "C:\Texas Instruments\ZAP-MSP430-2.5.0\Projects\z #
#                            stack\ZAP\SE-SampleApp\EXP5438\ESP - Coordinator\ #
#                            Obj\MSP430FlashUtil.r43"                          #
#                            "C:\Texas Instruments\ZAP-MSP430-2.5.0\Projects\z #
#                            stack\ZAP\SE-SampleApp\EXP5438\ESP - Coordinator\ #
#                            Obj\OSAL.r43"                                     #
#                            "C:\Texas Instruments\ZAP-MSP430-2.5.0\Projects\z #
#                            stack\ZAP\SE-SampleApp\EXP5438\ESP - Coordinator\ #
#                            Obj\OSAL_Memory.r43"                              #
#                            "C:\Texas Instruments\ZAP-MSP430-2.5.0\Projects\z #
#                            stack\ZAP\SE-SampleApp\EXP5438\ESP - Coordinator\ #
#                            Obj\OSAL_Nv.r43"                                  #
#                            "C:\Texas Instruments\ZAP-MSP430-2.5.0\Projects\z #
#                            stack\ZAP\SE-SampleApp\EXP5438\ESP - Coordinator\ #
#                            Obj\OSAL_PwrMgr.r43"                              #
#                            "C:\Texas Instruments\ZAP-MSP430-2.5.0\Projects\z #
#                            stack\ZAP\SE-SampleApp\EXP5438\ESP - Coordinator\ #
#                            Obj\OSAL_Timers.r43"                              #
#                            "C:\Texas Instruments\ZAP-MSP430-2.5.0\Projects\z #
#                            stack\ZAP\SE-SampleApp\EXP5438\ESP - Coordinator\ #
#                            Obj\OSAL_esp.r43"                                 #
#                            "C:\Texas Instruments\ZAP-MSP430-2.5.0\Projects\z #
#                            stack\ZAP\SE-SampleApp\EXP5438\ESP - Coordinator\ #
#                            Obj\esp.r43"                                      #
#                            "C:\Texas Instruments\ZAP-MSP430-2.5.0\Projects\z #
#                            stack\ZAP\SE-SampleApp\EXP5438\ESP - Coordinator\ #
#                            Obj\esp_data.r43"                                 #
#                            "C:\Texas Instruments\ZAP-MSP430-2.5.0\Projects\z #
#                            stack\ZAP\SE-SampleApp\EXP5438\ESP - Coordinator\ #
#                            Obj\hal_adc.r43"                                  #
#                            "C:\Texas Instruments\ZAP-MSP430-2.5.0\Projects\z #
#                            stack\ZAP\SE-SampleApp\EXP5438\ESP - Coordinator\ #
#                            Obj\hal_assert.r43"                               #
#                            "C:\Texas Instruments\ZAP-MSP430-2.5.0\Projects\z #
#                            stack\ZAP\SE-SampleApp\EXP5438\ESP - Coordinator\ #
#                            Obj\hal_board.r43"                                #
#                            "C:\Texas Instruments\ZAP-MSP430-2.5.0\Projects\z #
#                            stack\ZAP\SE-SampleApp\EXP5438\ESP - Coordinator\ #
#                            Obj\hal_dco.r43"                                  #
#                            "C:\Texas Instruments\ZAP-MSP430-2.5.0\Projects\z #
#                            stack\ZAP\SE-SampleApp\EXP5438\ESP - Coordinator\ #
#                            Obj\hal_drivers.r43"                              #
#                            "C:\Texas Instruments\ZAP-MSP430-2.5.0\Projects\z #
#                            stack\ZAP\SE-SampleApp\EXP5438\ESP - Coordinator\ #
#                            Obj\hal_key.r43"                                  #
#                            "C:\Texas Instruments\ZAP-MSP430-2.5.0\Projects\z #
#                            stack\ZAP\SE-SampleApp\EXP5438\ESP - Coordinator\ #
#                            Obj\hal_lcd.r43"                                  #
#                            "C:\Texas Instruments\ZAP-MSP430-2.5.0\Projects\z #
#                            stack\ZAP\SE-SampleApp\EXP5438\ESP - Coordinator\ #
#                            Obj\hal_led.r43"                                  #
#                            "C:\Texas Instruments\ZAP-MSP430-2.5.0\Projects\z #
#                            stack\ZAP\SE-SampleApp\EXP5438\ESP - Coordinator\ #
#                            Obj\hal_main.r43"                                 #
#                            "C:\Texas Instruments\ZAP-MSP430-2.5.0\Projects\z #
#                            stack\ZAP\SE-SampleApp\EXP5438\ESP - Coordinator\ #
#                            Obj\hal_spi.r43"                                  #
#                            "C:\Texas Instruments\ZAP-MSP430-2.5.0\Projects\z #
#                            stack\ZAP\SE-SampleApp\EXP5438\ESP - Coordinator\ #
#                            Obj\hal_startup.r43"                              #
#                            "C:\Texas Instruments\ZAP-MSP430-2.5.0\Projects\z #
#                            stack\ZAP\SE-SampleApp\EXP5438\ESP - Coordinator\ #
#                            Obj\hal_timer.r43"                                #
#                            "C:\Texas Instruments\ZAP-MSP430-2.5.0\Projects\z #
#                            stack\ZAP\SE-SampleApp\EXP5438\ESP - Coordinator\ #
#                            Obj\hal_uart.r43"                                 #
#                            "C:\Texas Instruments\ZAP-MSP430-2.5.0\Projects\z #
#                            stack\ZAP\SE-SampleApp\EXP5438\ESP - Coordinator\ #
#                            Obj\saddr.r43"                                    #
#                            "C:\Texas Instruments\ZAP-MSP430-2.5.0\Projects\z #
#                            stack\ZAP\SE-SampleApp\EXP5438\ESP - Coordinator\ #
#                            Obj\se.r43"                                       #
#                            "C:\Texas Instruments\ZAP-MSP430-2.5.0\Projects\z #
#                            stack\ZAP\SE-SampleApp\EXP5438\ESP - Coordinator\ #
#                            Obj\zap_af.r43"                                   #
#                            "C:\Texas Instruments\ZAP-MSP430-2.5.0\Projects\z #
#                            stack\ZAP\SE-SampleApp\EXP5438\ESP - Coordinator\ #
#                            Obj\zap_app.r43"                                  #
#                            "C:\Texas Instruments\ZAP-MSP430-2.5.0\Projects\z #
#                            stack\ZAP\SE-SampleApp\EXP5438\ESP - Coordinator\ #
#                            Obj\zap_certs.r43"                                #
#                            "C:\Texas Instruments\ZAP-MSP430-2.5.0\Projects\z #
#                            stack\ZAP\SE-SampleApp\EXP5438\ESP - Coordinator\ #
#                            Obj\zap_phy.r43"                                  #
#                            "C:\Texas Instruments\ZAP-MSP430-2.5.0\Projects\z #
#                            stack\ZAP\SE-SampleApp\EXP5438\ESP - Coordinator\ #
#                            Obj\zap_sapi.r43"                                 #
#                            "C:\Texas Instruments\ZAP-MSP430-2.5.0\Projects\z #
#                            stack\ZAP\SE-SampleApp\EXP5438\ESP - Coordinator\ #
#                            Obj\zap_stub_aps.r43"                             #
#                            "C:\Texas Instruments\ZAP-MSP430-2.5.0\Projects\z #
#                            stack\ZAP\SE-SampleApp\EXP5438\ESP - Coordinator\ #
#                            Obj\zap_sys.r43"                                  #
#                            "C:\Texas Instruments\ZAP-MSP430-2.5.0\Projects\z #
#                            stack\ZAP\SE-SampleApp\EXP5438\ESP - Coordinator\ #
#                            Obj\zap_util.r43"                                 #
#                            "C:\Texas Instruments\ZAP-MSP430-2.5.0\Projects\z #
#                            stack\ZAP\SE-SampleApp\EXP5438\ESP - Coordinator\ #
#                            Obj\zap_zdo.r43"                                  #
#                            "C:\Texas Instruments\ZAP-MSP430-2.5.0\Projects\z #
#                            stack\ZAP\SE-SampleApp\EXP5438\ESP - Coordinator\ #
#                            Obj\zap_zmac.r43"                                 #
#                            "C:\Texas Instruments\ZAP-MSP430-2.5.0\Projects\z #
#                            stack\ZAP\SE-SampleApp\EXP5438\ESP - Coordinator\ #
#                            Obj\zap_znp.r43"                                  #
#                            "C:\Texas Instruments\ZAP-MSP430-2.5.0\Projects\z #
#                            stack\ZAP\SE-SampleApp\EXP5438\ESP - Coordinator\ #
#                            Obj\zcl.r43"                                      #
#                            "C:\Texas Instruments\ZAP-MSP430-2.5.0\Projects\z #
#                            stack\ZAP\SE-SampleApp\EXP5438\ESP - Coordinator\ #
#                            Obj\zcl_general.r43"                              #
#                            "C:\Texas Instruments\ZAP-MSP430-2.5.0\Projects\z #
#                            stack\ZAP\SE-SampleApp\EXP5438\ESP - Coordinator\ #
#                            Obj\zcl_se.r43"                                   #
#                            -o                                                #
#                            "C:\Texas Instruments\ZAP-MSP430-2.5.0\Projects\z #
#                            stack\ZAP\SE-SampleApp\EXP5438\ESP - Coordinator\ #
#                            Exe\SampleApp.d43"                                #
#                            -l                                                #
#                            "C:\Texas Instruments\ZAP-MSP430-2.5.0\Projects\z #
#                            stack\ZAP\SE-SampleApp\EXP5438\ESP - Coordinator\ #
#                            List\SampleApp.map"                               #
#                            -xmsn                                             #
#                            "-IC:\Program Files (x86)\IAR Systems\Embedded Wo #
#                            rkbench 6.0 Evaluation\430\LIB\"                  #
#                            -f                                                #
#                            "C:\Texas Instruments\ZAP-MSP430-2.5.0\Projects\z #
#                            stack\ZAP\SE-SampleApp\EXP5438\..\..\..\Tools\MSP #
#                            5438\MSP430F5438.xcl"                             #
#                            (-D_LO_ROM_BEG=0x05C00 -D_LO_ROM_END=0x0FF7F      #
#                            -D_HI_ROM_BEG=0x10000 -D_HI_ROM_END=0x45BFF       #
#                            -D_ZIGNV_BEG=0x0CA00 -D_ZIGNV_END=0x0F9FF         #
#                            -cmsp430                                          #
#                            -Z(DATA)DATA16_I,DATA16_Z,DATA16_N,DATA16_HEAP+_D #
#                            ATA16_HEAP_SIZE=1C00-5BFF                         #
#                            -Z(DATA)CSTACK+_STACK_SIZE#                       #
#                            -Z(CODE)INFO=1800-19FF -Z(CODE)INFOA=1980-19FF    #
#                            -Z(CODE)INFOB=1900-197F -Z(CODE)INFOC=1880-18FF   #
#                            -Z(CODE)INFOD=1800-187F                           #
#                            -Z(CODE)CSTART,ISR_CODE=_LO_ROM_BEG-_LO_ROM_END   #
#                            -Z(CODE)ZIGNV_ADDRESS_SPACE=_ZIGNV_BEG-_ZIGNV_END #
#                            -Z(CODE)INTVEC=FF80-FFFF                          #
#                            -Z(CODE)RESET=FFFE-FFFF                           #
#                            -Z(CONST)DATA16_C,DATA16_ID,DIFUNCT=_LO_ROM_BEG-_ #
#                            LO_ROM_END                                        #
#                            -Z(CONST)DATA20_C,DATA20_ID=_LO_ROM_BEG-_LO_ROM_E #
#                            ND                                                #
#                            -Z(CODE)CODE=_LO_ROM_BEG-_LO_ROM_END,_HI_ROM_BEG- #
#                            _HI_ROM_END)                                      #
#                            -f                                                #
#                            "C:\Program Files (x86)\IAR Systems\Embedded Work #
#                            bench 6.0 Evaluation\430\config\multiplier32_loc2 #
#                            .xcl"                                             #
#                            (-e?Mul8HwLoc2=?Mul8 -e?Mul16HwLoc2=?Mul16        #
#                            -e?Mul16to32uHwLoc2=?Mul16to32u                   #
#                            -e?Mul16to32sHwLoc2=?Mul16to32s                   #
#                            -e?Mul32Hw32Loc2=?Mul32                           #
#                            -e?Mul64Hw32Loc2=_Mul64i                          #
#                            -e?Mul32u32uto64iHw32Loc2=_Mul32u32uto64i         #
#                            -e?Mul32fHwLoc2=_Mul32f                           #
#                            -e_Mul64fHwPtrLoc2=_Mul64fPtr)                    #
#                            -D_STACK_SIZE=200 -rt                             #
#                            "C:\Program Files (x86)\IAR Systems\Embedded Work #
#                            bench 6.0 Evaluation\430\LIB\CLIB\cl430xsf.r43"   #
#                            -e_small_write=_formatted_write                   #
#                            -e_medium_read=_formatted_read                    #
#                            -D_DATA16_HEAP_SIZE=0 -s __program_start          #
#                            -D_DATA20_HEAP_SIZE=50                            #
#                                                                              #
#                           Copyright (C) 1987-2011 IAR Systems AB.            #
################################################################################





                ****************************************
                *                                      *
                *           CROSS REFERENCE            *
                *                                      *
                ****************************************

       Program entry at :           5C00  Relocatable, from module : ?cstart




                ****************************************
                *                                      *
                *            RUNTIME MODEL             *
                *                                      *
                ****************************************

  __SystemLibrary = CLib
  __core          = 430X
  __data_model    = small
  __double_size   = 32
  __pic           = no
  __reg_r4        = free
  __reg_r5        = free
  __rt_version    = 3

                ****************************************
                *                                      *
                *    AUTOMATIC SYMBOL REDIRECTIONS     *
                *                                      *
                ****************************************

                  There are no automatic symbol redirections.



                ****************************************
                *                                      *
                *              MODULE MAP              *
                *                                      *
                ****************************************


  DEFINED ABSOLUTE ENTRIES
    *************************************************************************

  DEFINED ABSOLUTE ENTRIES
  PROGRAM MODULE, NAME : ?ABS_ENTRY_MOD

Absolute parts
           ENTRY                   ADDRESS         REF BY
           =====                   =======         ======
           _DATA20_HEAP_SIZE       0050 
           _DATA16_HEAP_SIZE       0000 
           _STACK_SIZE             0200 
           _ZIGNV_END              F9FF 
           _ZIGNV_BEG              CA00 
           _HI_ROM_END             00045BFF 
           _HI_ROM_BEG             00010000 
           _LO_ROM_END             FF7F 
           _LO_ROM_BEG             5C00 
    *************************************************************************

  FILE NAME : C:\Texas Instruments\ZAP-MSP430-2.5.0\Projects\zstack\ZAP\SE-SampleApp\EXP5438\ESP - Coordinator\Obj\MSP430FlashUtil.r43
  PROGRAM MODULE, NAME : MSP430FlashUtil

  SEGMENTS IN THE MODULE
  ======================
DATA16_AN
  Relative segment, address: 0140 - 0141 (0x2 bytes), align: 0
  Segment part 1. ROOT.       Intra module refs:   flashErasePage
                                                   flashWrite
           ENTRY                   ADDRESS         REF BY
           =====                   =======         ======
           _A_FCTL1_L              0140 
           LOCAL                   ADDRESS         
           =====                   =======         
           FCTL1                   0140 
           FCTL1_H                 0141 
           FCTL1_L                 0140 
    -------------------------------------------------------------------------
DATA16_AN
  Relative segment, address: 0144 - 0145 (0x2 bytes), align: 0
  Segment part 2. ROOT.       Intra module refs:   flashErasePage
                                                   flashWrite
                                                   initFlash
           ENTRY                   ADDRESS         REF BY
           =====                   =======         ======
           _A_FCTL3_L              0144 
           LOCAL                   ADDRESS         
           =====                   =======         
           FCTL3                   0144 
           FCTL3_H                 0145 
           FCTL3_L                 0144 
    -------------------------------------------------------------------------
DATA16_AN
  Relative segment, address: 015C - 015D (0x2 bytes), align: 0
  Segment part 3. ROOT.       Intra module refs:   __low_level_init (hal_startup)
                                                   doneFlash
                                                   halAssertHazardLights (hal_assert)
                                                   initFlash
                                                   main (hal_main)
           ENTRY                   ADDRESS         REF BY
           =====                   =======         ======
           _A_WDTCTL_L             015C 
           LOCAL                   ADDRESS         
           =====                   =======         
           WDTCTL                  015C 
           WDTCTL_H                015D 
           WDTCTL_L                015C 
    -------------------------------------------------------------------------
DATA16_Z
  Relative segment, address: 2E5E - 2E5E (0x1 bytes), align: 0
  Segment part 5.             Intra module refs:   doneFlash
                                                   initFlash
           LOCAL                   ADDRESS         
           =====                   =======         
           s_savWDT                2E5E 
    -------------------------------------------------------------------------
DATA16_Z
  Relative segment, address: 1E3A - 1E3B (0x2 bytes), align: 1
  Segment part 6.             Intra module refs:   doneFlash
                                                   initFlash
           LOCAL                   ADDRESS         
           =====                   =======         
           fuIntState              1E3A 
    -------------------------------------------------------------------------
CODE
  Relative segment, address: 00010000 - 00010027 (0x28 bytes), align: 1
  Segment part 8.             Intra module refs:   flashErasePage
                                                   flashWrite
           LOCAL                   ADDRESS         
           =====                   =======         
           initFlash               00010000 
               CSTACK = 00000000 ( 00000004 )
    -------------------------------------------------------------------------
CODE
  Relative segment, address: 00010028 - 00010039 (0x12 bytes), align: 1
  Segment part 7.             Intra module refs:   flashErasePage
                                                   flashWrite
           LOCAL                   ADDRESS         
           =====                   =======         
           doneFlash               00010028 
               CSTACK = 00000000 ( 00000004 )
    -------------------------------------------------------------------------
CODE
  Relative segment, address: 0001003A - 00010055 (0x1c bytes), align: 1
  Segment part 10.
           ENTRY                   ADDRESS         REF BY
           =====                   =======         ======
           flashErasePage          0001003A        erasePage (OSAL_Nv)
               calls direct
               CSTACK = 00000000 ( 00000004 )
    -------------------------------------------------------------------------
CODE
  Relative segment, address: 00010056 - 00010063 (0xe bytes), align: 1
  Segment part 11.            Intra module refs:   flashErasePage
                                                   flashWrite
           LOCAL                   ADDRESS         
           =====                   =======         
           ?Subroutine0            00010056 
    -------------------------------------------------------------------------
CODE
  Relative segment, address: 00010064 - 00010093 (0x30 bytes), align: 1
  Segment part 9.
           ENTRY                   ADDRESS         REF BY
           =====                   =======         ======
           flashWrite              00010064        compactPage (OSAL_Nv)
                                                   setItem (OSAL_Nv)
                                                   setPageUse (OSAL_Nv)
                                                   writeItem (OSAL_Nv)
                                                   xferBuf (OSAL_Nv)
               calls direct
               CSTACK = 00000000 ( 00000006 )

    *************************************************************************

  FILE NAME : C:\Texas Instruments\ZAP-MSP430-2.5.0\Projects\zstack\ZAP\SE-SampleApp\EXP5438\ESP - Coordinator\Obj\OSAL.r43
  PROGRAM MODULE, NAME : OSAL

  SEGMENTS IN THE MODULE
  ======================
DATA16_Z
  Relative segment, address: 1E3C - 1E3D (0x2 bytes), align: 1
  Segment part 6.             Intra module refs:   osal_init_system
                                                   osal_msg_find
                                                   osal_msg_receive
                                                   osal_msg_send
           ENTRY                   ADDRESS         REF BY
           =====                   =======         ======
           osal_qHead              1E3C 
    -------------------------------------------------------------------------
DATA16_I
  Relative segment, address: 1D04 - 1D04 (0x1 bytes), align: 0
  Segment part 7.             Intra module refs:   osal_run_system
           LOCAL                   ADDRESS         
           =====                   =======         
           activeTaskID            1D04 
    -------------------------------------------------------------------------
CODE
  Relative segment, address: 00010094 - 00010097 (0x4 bytes), align: 1
  Segment part 53.
           ENTRY                   ADDRESS         REF BY
           =====                   =======         ======
           osal_strlen             00010094        HalLcdWriteString (hal_lcd)
                                                   HalLcdWriteStringValue (hal_lcd)
               calls direct
               CSTACK = 00000000 ( 00000004 )
    -------------------------------------------------------------------------
CODE
  Relative segment, address: 00010098 - 000100A9 (0x12 bytes), align: 1
  Segment part 50.
           ENTRY                   ADDRESS         REF BY
           =====                   =======         ======
           osal_memcpy             00010098        ?Subroutine18 (zcl)
                                                   AF_DataRequest (zap_af)
                                                   HalLcdWriteString (hal_lcd)
                                                   HalLcdWriteStringValue (hal_lcd)
                                                   StubAPS_InterPanReq (zap_stub_aps)
                                                   ZDO_SendMsgCBs (zap_zdo)
                                                   afIncMsgPktParse (zap_af)
                                                   afRecv (zap_af)
                                                   esp_GetCurrentPriceCB (esp)
                                                   esp_SendReportEventStatus (esp)
                                                   sAddrExtCpy (saddr)
                                                   sapiReq (zap_sapi)
                                                   zapDisInfo (zap_app)
                                                   zapPhySpiPoll (zap_phy)
                                                   zapSysReq (zap_sys)
                                                   zapUtilReq (zap_util)
                                                   zb_GetDeviceInfo (zap_sapi)
                                                   zclGeneral_KeyEstablishment_ECDSASign (zap_util)
                                                   zclReadAttrData (zcl)
                                                   zclRevertWriteUndividedCmd (zcl)
                                                   zclSE_Message_Send_DisplayMessage (zcl_se)
                                                   zclSE_ParseInCmd_DisplayMessage (zcl_se)
                                                   zclSE_ParseInCmd_PublishPrice (zcl_se)
                                                   zclSE_ParseInCmd_ReportEventStatus (zcl_se)
                                                   zclSE_Pricing_Send_PublishPrice (zcl_se)
                                                   zclSerializeData (zcl)
                                                   zclWriteAttrData (zcl)
                                                   zcl_SendCommand (zcl)
               CSTACK = 00000000 ( 00000004 )
    -------------------------------------------------------------------------
CODE
  Relative segment, address: 000100AA - 000100BF (0x16 bytes), align: 1
  Segment part 49.
           ENTRY                   ADDRESS         REF BY
           =====                   =======         ======
           osal_memcmp             000100AA        zapDisInfo (zap_app)
                                                   zapSync (zap_app)
               CSTACK = 00000000 ( 00000004 )
    -------------------------------------------------------------------------
CODE
  Relative segment, address: 000100C0 - 000100C5 (0x6 bytes), align: 1
  Segment part 48.
           ENTRY                   ADDRESS         REF BY
           =====                   =======         ======
           osal_memset             000100C0        ?Subroutine5 (esp)
                                                   osalInitTasks (OSAL_esp)
                                                   zapPhySpiPoll (zap_phy)
                                                   zapSync (zap_app)
                                                   zapUtilReq (zap_util)
                                                   zb_GetDeviceInfo (zap_sapi)
                                                   zclParseHdr (zcl)
                                                   zclParseInConfigReportCmd (zcl)
                                                   zcl_SendCommand (zcl)
               calls direct
               CSTACK = 00000000 ( 00000004 )
    -------------------------------------------------------------------------
CODE
  Relative segment, address: 000100C6 - 00010111 (0x4c bytes), align: 1
  Segment part 44.
           ENTRY                   ADDRESS         REF BY
           =====                   =======         ======
           osal_build_uint32       000100C6        ?Subroutine10 (zcl_se)
                                                   ?Subroutine12 (zcl_se)
                                                   ?Subroutine45 (zcl_se)
                                                   ?Subroutine47 (zcl_se)
                                                   Segment part 16 (zcl_se)
                                                   zclSE_ParseInCmd_DisplayMessage (zcl_se)
                                                   zclSE_ProcessInCmd_SimpleMeter_GetProfileRsp (zcl_se)
                                                   zcl_BuildAnalogData (zcl)
               CSTACK = 00000000 ( 00000008 )
    -------------------------------------------------------------------------
CODE
  Relative segment, address: 00010112 - 00010119 (0x8 bytes), align: 1
  Segment part 45.            Intra module refs:   osal_build_uint32
           LOCAL                   ADDRESS         
           =====                   =======         
           ?Subroutine9            00010112 
    -------------------------------------------------------------------------
CODE
  Relative segment, address: 0001011A - 00010127 (0xe bytes), align: 1
  Segment part 46.            Intra module refs:   ?Subroutine9
                                                   osal_build_uint32
           LOCAL                   ADDRESS         
           =====                   =======         
           ?Subroutine11           0001011A 
    -------------------------------------------------------------------------
CODE
  Relative segment, address: 00010128 - 0001027B (0x154 bytes), align: 1
  Segment part 38.
           ENTRY                   ADDRESS         REF BY
           =====                   =======         ======
           _ltoa                   00010128        Segment part 52 (hal_lcd)
                                                   esp_ProcessInReportCmd (esp)
               calls direct
               CSTACK = 00000000 ( 00000032 )
    -------------------------------------------------------------------------
CODE
  Relative segment, address: 0001027C - 0001027D (0x2 bytes), align: 1
  Segment part 39.            Intra module refs:   _ltoa
           LOCAL                   ADDRESS         
           =====                   =======         
           ?Subroutine10           0001027C 
    -------------------------------------------------------------------------
CODE
  Relative segment, address: 0001027E - 00010283 (0x6 bytes), align: 1
  Segment part 40.            Intra module refs:   ?Subroutine10
                                                   _ltoa
    -------------------------------------------------------------------------
CODE
  Relative segment, address: 00010284 - 00010291 (0xe bytes), align: 1
  Segment part 41.            Intra module refs:   _ltoa
           LOCAL                   ADDRESS         
           =====                   =======         
           ?Subroutine8            00010284 
    -------------------------------------------------------------------------
CODE
  Relative segment, address: 00010292 - 00010299 (0x8 bytes), align: 1
  Segment part 42.            Intra module refs:   _ltoa
           LOCAL                   ADDRESS         
           =====                   =======         
           ?Subroutine7            00010292 
    -------------------------------------------------------------------------
CODE
  Relative segment, address: 0001029A - 000102A3 (0xa bytes), align: 1
  Segment part 43.            Intra module refs:   _ltoa
           LOCAL                   ADDRESS         
           =====                   =======         
           ?Subroutine6            0001029A 
    -------------------------------------------------------------------------
CODE
  Relative segment, address: 000102A4 - 000102CF (0x2c bytes), align: 1
  Segment part 36.
           ENTRY                   ADDRESS         REF BY
           =====                   =======         ======
           osal_msg_allocate       000102A4        OnBoard_SendKeys (hal_board)
                                                   ZDO_SendMsgCBs (zap_zdo)
                                                   ZDO_UpdateNwkStatus (zap_zdo)
                                                   afCnf (zap_af)
                                                   afRecv (zap_af)
                                                   zapPhySpiPoll (zap_phy)
                                                   zapUtilParseKeyInd (zap_util)
                                                   zclSendMsg (zcl)
               calls direct
               CSTACK = 00000000 ( 00000006 )
    -------------------------------------------------------------------------
CODE
  Relative segment, address: 000102D0 - 000102EF (0x20 bytes), align: 1
  Segment part 34.            Intra module refs:   osal_msg_send
           ENTRY                   ADDRESS         REF BY
           =====                   =======         ======
           osal_msg_deallocate     000102D0        Hal_ProcessEvent (hal_drivers)
                                                   esp_event_loop (esp)
                                                   zapEvt (zap_app)
                                                   zcl_event_loop (zcl)
               calls direct
               CSTACK = 00000000 ( 00000004 )
    -------------------------------------------------------------------------
CODE
  Relative segment, address: 000102F0 - 0001033D (0x4e bytes), align: 1
  Segment part 35.
           ENTRY                   ADDRESS         REF BY
           =====                   =======         ======
           osal_msg_send           000102F0        ?Subroutine11 (zcl)
                                                   ?Subroutine2 (zap_af)
                                                   OnBoard_SendKeys (hal_board)
                                                   ZDO_SendMsgCBs (zap_zdo)
                                                   ZDO_UpdateNwkStatus (zap_zdo)
                                                   zapPhySpiPoll (zap_phy)
                                                   zapUtilParseKeyInd (zap_util)
               calls direct
               CSTACK = 00000000 ( 00000006 )
    -------------------------------------------------------------------------
CODE
  Relative segment, address: 0001033E - 00010395 (0x58 bytes), align: 1
  Segment part 33.
           ENTRY                   ADDRESS         REF BY
           =====                   =======         ======
           osal_msg_receive        0001033E        Hal_ProcessEvent (hal_drivers)
                                                   esp_event_loop (esp)
                                                   zapEvt (zap_app)
                                                   zcl_event_loop (zcl)
               calls direct
               CSTACK = 00000000 ( 0000000C )
    -------------------------------------------------------------------------
CODE
  Relative segment, address: 00010396 - 0001039B (0x6 bytes), align: 1
  Segment part 30.            Intra module refs:   osal_msg_find
           LOCAL                   ADDRESS         
           =====                   =======         
           ?Subroutine2            00010396 
    -------------------------------------------------------------------------
CODE
  Relative segment, address: 0001039C - 000103C3 (0x28 bytes), align: 1
  Segment part 31.            Intra module refs:   osal_msg_send
           ENTRY                   ADDRESS         REF BY
           =====                   =======         ======
           osal_msg_enqueue        0001039C 
               CSTACK = 00000000 ( 00000004 )
    -------------------------------------------------------------------------
CODE
  Relative segment, address: 000103C4 - 000103E7 (0x24 bytes), align: 1
  Segment part 32.
           ENTRY                   ADDRESS         REF BY
           =====                   =======         ======
           osal_msg_find           000103C4        ZDO_UpdateNwkStatus (zap_zdo)
               CSTACK = 00000000 ( 00000004 )
    -------------------------------------------------------------------------
CODE
  Relative segment, address: 000103E8 - 0001040F (0x28 bytes), align: 1
  Segment part 27.            Intra module refs:   osal_msg_receive
           ENTRY                   ADDRESS         REF BY
           =====                   =======         ======
           osal_msg_extract        000103E8 
               CSTACK = 00000000 ( 00000006 )
    -------------------------------------------------------------------------
CODE
  Relative segment, address: 00010410 - 0001042B (0x1c bytes), align: 1
  Segment part 22.            Intra module refs:   osal_msg_receive
           ENTRY                   ADDRESS         REF BY
           =====                   =======         ======
           osal_clear_event        00010410 
               CSTACK = 00000000 ( 00000004 )
    -------------------------------------------------------------------------
CODE
  Relative segment, address: 0001042C - 00010431 (0x6 bytes), align: 1
  Segment part 23.            Intra module refs:   osal_clear_event
                                                   osal_set_event
           LOCAL                   ADDRESS         
           =====                   =======         
           ?Subroutine4            0001042C 
    -------------------------------------------------------------------------
CODE
  Relative segment, address: 00010432 - 00010437 (0x6 bytes), align: 1
  Segment part 24.            Intra module refs:   osal_clear_event
                                                   osal_set_event
           LOCAL                   ADDRESS         
           =====                   =======         
           ?Subroutine1            00010432 
    -------------------------------------------------------------------------
CODE
  Relative segment, address: 00010438 - 00010457 (0x20 bytes), align: 1
  Segment part 25.            Intra module refs:   osal_msg_receive
                                                   osal_msg_send
           ENTRY                   ADDRESS         REF BY
           =====                   =======         ======
           osal_set_event          00010438        ?Subroutine1 (zap_app)
                                                   HalKeyConfig (hal_key)
                                                   HalLedBlink (hal_led)
                                                   Segment part 25 (zap_zdo)
                                                   esp_ProcessZDOMsg (esp)
                                                   osalTimerUpdate (OSAL_Timers)
                                                   zapAfSync (zap_af)
                                                   zapGotSync (zap_app)
               CSTACK = 00000000 ( 00000004 )
    -------------------------------------------------------------------------
CODE
  Relative segment, address: 00010458 - 00010463 (0xc bytes), align: 1
  Segment part 18.
           ENTRY                   ADDRESS         REF BY
           =====                   =======         ======
           osal_int_disable        00010458        main (hal_main)
               CSTACK = 00000000 ( 00000004 )
    -------------------------------------------------------------------------
CODE
  Relative segment, address: 00010464 - 00010469 (0x6 bytes), align: 1
  Segment part 19.            Intra module refs:   osal_int_disable
                                                   osal_int_enable
           LOCAL                   ADDRESS         
           =====                   =======         
           ?Subroutine3            00010464 
    -------------------------------------------------------------------------
CODE
  Relative segment, address: 0001046A - 00010477 (0xe bytes), align: 1
  Segment part 20.
           ENTRY                   ADDRESS         REF BY
           =====                   =======         ======
           osal_int_enable         0001046A        main (hal_main)
               CSTACK = 00000000 ( 00000004 )
    -------------------------------------------------------------------------
CODE
  Relative segment, address: 00010478 - 00010493 (0x1c bytes), align: 1
  Segment part 17.
           ENTRY                   ADDRESS         REF BY
           =====                   =======         ======
           osal_init_system        00010478        main (hal_main)
               calls direct
               CSTACK = 00000000 ( 00000004 )
    -------------------------------------------------------------------------
CODE
  Relative segment, address: 00010494 - 0001049B (0x8 bytes), align: 1
  Segment part 16.
           ENTRY                   ADDRESS         REF BY
           =====                   =======         ======
           osal_start_system       00010494        main (hal_main)
               calls direct
               CSTACK = 00000000 ( 00000004 )
    -------------------------------------------------------------------------
CODE
  Relative segment, address: 0001049C - 0001050D (0x72 bytes), align: 1
  Segment part 15.            Intra module refs:   osal_start_system
           ENTRY                   ADDRESS         REF BY
           =====                   =======         ======
           osal_run_system         0001049C 
               calls direct and indirect
               CSTACK = 00000000 ( 00000008 )
    -------------------------------------------------------------------------
CODE
  Relative segment, address: 0001050E - 00010511 (0x4 bytes), align: 1
  Segment part 11.
           ENTRY                   ADDRESS         REF BY
           =====                   =======         ======
           osal_buffer_uint24      0001050E        ?Subroutine38 (zcl_se)
                                                   zclSE_SimpleMetering_Send_GetProfileRsp (zcl_se)
               CSTACK = 00000000 ( 00000004 )
    -------------------------------------------------------------------------
CODE
  Relative segment, address: 00010512 - 00010519 (0x8 bytes), align: 1
  Segment part 12.            Intra module refs:   osal_buffer_uint24
                                                   osal_buffer_uint32
           LOCAL                   ADDRESS         
           =====                   =======         
           ?Subroutine0            00010512 
    -------------------------------------------------------------------------
CODE
  Relative segment, address: 0001051A - 00010529 (0x10 bytes), align: 1
  Segment part 13.
           ENTRY                   ADDRESS         REF BY
           =====                   =======         ======
           osal_buffer_uint32      0001051A        ?Subroutine41 (zcl_se)
                                                   ?Subroutine42 (zcl_se)
                                                   ?Subroutine50 (zcl_se)
                                                   ?Subroutine51 (zcl_se)
                                                   zclSE_LoadControl_Send_ReportEventStatus (zcl_se)
                                                   zclSE_Pricing_Send_PublishPrice (zcl_se)
                                                   zclSE_SimpleMetering_Send_GetProfileRsp (zcl_se)
                                                   zclSE_SimpleMetering_Send_ReqFastPollModeRsp (zcl_se)
                                                   zclSerializeData (zcl)
               CSTACK = 00000000 ( 00000004 )
    -------------------------------------------------------------------------
CODE
  Relative segment, address: 0001052A - 0001053D (0x14 bytes), align: 1
  Segment part 14.            Intra module refs:   osal_buffer_uint24
                                                   osal_buffer_uint32
           LOCAL                   ADDRESS         
           =====                   =======         
           ?Subroutine5            0001052A 
    -------------------------------------------------------------------------
DATA16_ID
  Relative segment, address: 6BE8 - 6BE8 (0x1 bytes), align: 0
  Segment part 8.             Intra module refs:   activeTaskID
    -------------------------------------------------------------------------
DATA16_C
  Relative segment, address: 6908 - 6909 (0x2 bytes), align: 0
  Segment part 5.             Intra module refs:   ?Subroutine8
                                                   _ltoa

    *************************************************************************

  FILE NAME : C:\Texas Instruments\ZAP-MSP430-2.5.0\Projects\zstack\ZAP\SE-SampleApp\EXP5438\ESP - Coordinator\Obj\OSAL_Memory.r43
  PROGRAM MODULE, NAME : OSAL_Memory

  SEGMENTS IN THE MODULE
  ======================
DATA16_N
  Relative segment, address: 2E9A - 3E99 (0x1000 bytes), align: 1
  Segment part 2.             Intra module refs:   osal_mem_alloc
                                                   osal_mem_free
                                                   osal_mem_init
           LOCAL                   ADDRESS         
           =====                   =======         
           theHeap                 2E9A 
    -------------------------------------------------------------------------
DATA16_N
  Relative segment, address: 3E9A - 3E9B (0x2 bytes), align: 1
  Segment part 3.             Intra module refs:   osal_mem_alloc
                                                   osal_mem_free
                                                   osal_mem_init
                                                   osal_mem_kick
           LOCAL                   ADDRESS         
           =====                   =======         
           ff1                     3E9A 
    -------------------------------------------------------------------------
DATA16_Z
  Relative segment, address: 2E5F - 2E5F (0x1 bytes), align: 0
  Segment part 4.             Intra module refs:   osal_mem_alloc
                                                   osal_mem_kick
           LOCAL                   ADDRESS         
           =====                   =======         
           osalMemStat             2E5F 
    -------------------------------------------------------------------------
CODE
  Relative segment, address: 0001053E - 0001055B (0x1e bytes), align: 1
  Segment part 8.
           ENTRY                   ADDRESS         REF BY
           =====                   =======         ======
           osal_mem_init           0001053E        osal_init_system (OSAL)
               CSTACK = 00000000 ( 00000004 )
    -------------------------------------------------------------------------
CODE
  Relative segment, address: 0001055C - 0001058B (0x30 bytes), align: 1
  Segment part 7.
           ENTRY                   ADDRESS         REF BY
           =====                   =======         ======
           osal_mem_kick           0001055C        osal_init_system (OSAL)
               calls direct
               CSTACK = 00000000 ( 00000008 )
    -------------------------------------------------------------------------
CODE
  Relative segment, address: 0001058C - 00010649 (0xbe bytes), align: 1
  Segment part 6.             Intra module refs:   osal_mem_kick
           ENTRY                   ADDRESS         REF BY
           =====                   =======         ======
           osal_mem_alloc          0001058C        ?Subroutine19 (zcl)
                                                   ?Subroutine23 (zcl_se)
                                                   ?Subroutine29 (zcl)
                                                   ?Subroutine52 (zcl)
                                                   HalLcdWriteString (hal_lcd)
                                                   Segment part 100 (zcl)
                                                   Segment part 104 (zcl_se)
                                                   ZDO_ParseSimpleDescBuf (zap_zdo)
                                                   ZDO_RegisterForZDOMsg (zap_zdo)
                                                   afRegisterExtended (zap_af)
                                                   esp_GetCurrentPriceCB (esp)
                                                   esp_ProcessInConfigReportCmd (esp)
                                                   esp_ProcessInReadReportCfgCmd (esp)
                                                   esp_ProcessZDOMsg (esp)
                                                   esp_SendReportEventStatus (esp)
                                                   osalAddTimer (OSAL_Timers)
                                                   osalInitTasks (OSAL_esp)
                                                   osal_msg_allocate (OSAL)
                                                   zap_msg_allocate (zap_app)
                                                   zclGeneral_RegisterCmdCallbacks (zcl_general)
                                                   zclProcessInReadCmd (zcl)
                                                   zclProcessInWriteUndividedCmd (zcl)
                                                   zclSE_Init (se)
                                                   zclSE_ParseInCmd_DisplayMessage (zcl_se)
                                                   zclSE_ParseInCmd_PublishPrice (zcl_se)
                                                   zclSE_ProcessInCmd_SimpleMeter_GetProfileRsp (zcl_se)
                                                   zclSE_RegisterCmdCallbacks (zcl_se)
                                                   zcl_SendCommand (zcl)
               calls direct
               CSTACK = 00000000 ( 00000010 )
    -------------------------------------------------------------------------
CODE
  Relative segment, address: 0001064A - 00010685 (0x3c bytes), align: 1
  Segment part 5.             Intra module refs:   osal_mem_kick
           ENTRY                   ADDRESS         REF BY
           =====                   =======         ======
           osal_mem_free           0001064A        ?Subroutine2 (esp)
                                                   ?Subroutine25 (zcl)
                                                   ?Subroutine27 (zcl)
                                                   ?Subroutine56 (zcl_se)
                                                   HalLcdWriteString (hal_lcd)
                                                   Segment part 26 (zcl)
                                                   ZDO_ParseSimpleDescBuf (zap_zdo)
                                                   esp_ProcessInConfigReportCmd (esp)
                                                   esp_ProcessInReadReportCfgCmd (esp)
                                                   esp_ProcessZCLMsg (esp)
                                                   esp_ProcessZDOMsg (esp)
                                                   esp_SendReportEventStatus (esp)
                                                   osalTimerUpdate (OSAL_Timers)
                                                   osal_msg_deallocate (OSAL)
                                                   zap_msg_deallocate (zap_app)
                                                   zclProcessInReadCmd (zcl)
                                                   zclProcessInWriteCmd (zcl)
                                                   zclProcessInWriteUndividedCmd (zcl)
                                                   zclProcessMessageMSG (zcl)
                                                   zclSE_ProcessInCmd_Message_DisplayMessage (zcl_se)
                                                   zclSE_ProcessInCmd_Pricing_PublishPrice (zcl_se)
                                                   zclSE_ProcessInCmd_SimpleMeter_GetProfileRsp (zcl_se)
                                                   zcl_SendCommand (zcl)
               calls direct
               CSTACK = 00000000 ( 00000006 )

    *************************************************************************

  FILE NAME : C:\Texas Instruments\ZAP-MSP430-2.5.0\Projects\zstack\ZAP\SE-SampleApp\EXP5438\ESP - Coordinator\Obj\OSAL_Nv.r43
  PROGRAM MODULE, NAME : OSAL_Nv

  SEGMENTS IN THE MODULE
  ======================
DATA16_C
  Relative segment, address: 5D0A - 5D0F (0x6 bytes), align: 1
  Segment part 2.             Intra module refs:   hotItem
           LOCAL                   ADDRESS         
           =====                   =======         
           hotIds                  5D0A 
    -------------------------------------------------------------------------
ZIGNV_ADDRESS_SPACE
  Relative segment, address: CA00 - F9FF (0x3000 bytes), align: 0
  Segment part 3.             Intra module refs:   pgOff
           ENTRY                   ADDRESS         REF BY
           =====                   =======         ======
           _nvBuf                  CA00 
    -------------------------------------------------------------------------
DATA16_Z
  Relative segment, address: 1E3E - 1E55 (0x18 bytes), align: 1
  Segment part 4.             Intra module refs:   compactPage
                                                   erasePage
                                                   initPage
                                                   writeItem
           LOCAL                   ADDRESS         
           =====                   =======         
           pgOff                   1E3E 
    -------------------------------------------------------------------------
DATA16_Z
  Relative segment, address: 1E56 - 1E6D (0x18 bytes), align: 1
  Segment part 5.             Intra module refs:   erasePage
                                                   initNV
                                                   initPage
                                                   setItem
                                                   writeItem
           LOCAL                   ADDRESS         
           =====                   =======         
           pgLost                  1E56 
    -------------------------------------------------------------------------
DATA16_Z
  Relative segment, address: 2E60 - 2E60 (0x1 bytes), align: 0
  Segment part 6.             Intra module refs:   ?Subroutine11
                                                   compactPage
                                                   initNV
           LOCAL                   ADDRESS         
           =====                   =======         
           pgRes                   2E60 
    -------------------------------------------------------------------------
DATA16_Z
  Relative segment, address: 2E61 - 2E63 (0x3 bytes), align: 0
  Segment part 7.             Intra module refs:   hotItemUpdate
           LOCAL                   ADDRESS         
           =====                   =======         
           hotPg                   2E61 
    -------------------------------------------------------------------------
DATA16_Z
  Relative segment, address: 1E6E - 1E73 (0x6 bytes), align: 1
  Segment part 8.             Intra module refs:   hotItemUpdate
           LOCAL                   ADDRESS         
           =====                   =======         
           hotOff                  1E6E 
    -------------------------------------------------------------------------
CODE
  Relative segment, address: 00010686 - 000106D5 (0x50 bytes), align: 1
  Segment part 10.            Intra module refs:   Segment part 24
                                                   compactPage
                                                   initPage
           LOCAL                   ADDRESS         
           =====                   =======         
           setItem                 00010686 
               calls direct
               CSTACK = 00000000 ( 00000014 )
    -------------------------------------------------------------------------
CODE
  Relative segment, address: 000106D6 - 000106DB (0x6 bytes), align: 1
  Segment part 11.            Intra module refs:   initNV
                                                   setItem
           LOCAL                   ADDRESS         
           =====                   =======         
           ?Subroutine0            000106D6 
    -------------------------------------------------------------------------
CODE
  Relative segment, address: 000106DC - 000106FB (0x20 bytes), align: 1
  Segment part 12.            Intra module refs:   ?Subroutine5
                                                   compactPage
                                                   writeItem
           LOCAL                   ADDRESS         
           =====                   =======         
           calcChkF                000106DC 
               CSTACK = 00000000 ( 00000004 )
    -------------------------------------------------------------------------
CODE
  Relative segment, address: 000106FC - 000107BB (0xc0 bytes), align: 1
  Segment part 13.            Intra module refs:   findItem
                                                   initNV
           LOCAL                   ADDRESS         
           =====                   =======         
           initPage                000106FC 
               calls direct
               CSTACK = 00000000 ( 0000001A )
    -------------------------------------------------------------------------
CODE
  Relative segment, address: 000107BC - 000107C1 (0x6 bytes), align: 1
  Segment part 14.            Intra module refs:   compactPage
                                                   initPage
           LOCAL                   ADDRESS         
           =====                   =======         
           ?Subroutine4            000107BC 
    -------------------------------------------------------------------------
CODE
  Relative segment, address: 000107C2 - 000107C3 (0x2 bytes), align: 1
  Segment part 15.            Intra module refs:   ?Subroutine4
                                                   writeItem
    -------------------------------------------------------------------------
CODE
  Relative segment, address: 000107C4 - 000107C9 (0x6 bytes), align: 1
  Segment part 16.            Intra module refs:   Segment part 15
                                                   writeItem
    -------------------------------------------------------------------------
CODE
  Relative segment, address: 000107CA - 00010803 (0x3a bytes), align: 1
  Segment part 17.            Intra module refs:   initPage
           LOCAL                   ADDRESS         
           =====                   =======         
           findItem                000107CA 
               calls direct
               CSTACK = 00000000 ( 0000000C )
    -------------------------------------------------------------------------
CODE
  Relative segment, address: 00010804 - 0001081B (0x18 bytes), align: 1
  Segment part 18.            Intra module refs:   ?Subroutine8
           LOCAL                   ADDRESS         
           =====                   =======         
           hotItem                 00010804 
               CSTACK = 00000000 ( 00000004 )
    -------------------------------------------------------------------------
CODE
  Relative segment, address: 0001081C - 00010823 (0x8 bytes), align: 1
  Segment part 24.            Intra module refs:   initPage
    -------------------------------------------------------------------------
CODE
  Relative segment, address: 00010824 - 0001082F (0xc bytes), align: 1
  Segment part 27.            Intra module refs:   xferBuf
    -------------------------------------------------------------------------
CODE
  Relative segment, address: 00010830 - 00010839 (0xa bytes), align: 1
  Segment part 28.            Intra module refs:   hotItemUpdate
           LOCAL                   ADDRESS         
           =====                   =======         
           ?Subroutine8            00010830 
    -------------------------------------------------------------------------
CODE
  Relative segment, address: 0001083A - 0001085D (0x24 bytes), align: 1
  Segment part 30.            Intra module refs:   ?Subroutine11
                                                   initNV
           LOCAL                   ADDRESS         
           =====                   =======         
           setPageUse              0001083A 
               calls direct
               CSTACK = 00000000 ( 0000000C )
    -------------------------------------------------------------------------
CODE
  Relative segment, address: 0001085E - 00010889 (0x2c bytes), align: 1
  Segment part 31.            Intra module refs:   ?Subroutine11
                                                   compactPage
                                                   initNV
           LOCAL                   ADDRESS         
           =====                   =======         
           erasePage               0001085E 
               calls direct
               CSTACK = 00000000 ( 0000000C )
    -------------------------------------------------------------------------
CODE
  Relative segment, address: 0001088A - 000108A5 (0x1c bytes), align: 1
  Segment part 32.            Intra module refs:   compactPage
                                                   writeItem
           LOCAL                   ADDRESS         
           =====                   =======         
           hotItemUpdate           0001088A 
               calls direct
               CSTACK = 00000000 ( 00000006 )
    -------------------------------------------------------------------------
CODE
  Relative segment, address: 000108A6 - 000108C5 (0x20 bytes), align: 1
  Segment part 33.            Intra module refs:   compactPage
           LOCAL                   ADDRESS         
           =====                   =======         
           xferBuf                 000108A6 
               calls direct
               CSTACK = 00000000 ( 00000006 )
    -------------------------------------------------------------------------
CODE
  Relative segment, address: 000108C6 - 000109CB (0x106 bytes), align: 1
  Segment part 34.            Intra module refs:   compactPage
           LOCAL                   ADDRESS         
           =====                   =======         
           writeItem               000108C6 
               calls direct
               CSTACK = 00000000 ( 00000022 )
    -------------------------------------------------------------------------
CODE
  Relative segment, address: 000109CC - 00010AC5 (0xfa bytes), align: 1
  Segment part 35.            Intra module refs:   initNV
           LOCAL                   ADDRESS         
           =====                   =======         
           compactPage             000109CC 
               calls direct
               CSTACK = 00000000 ( 00000020 )
    -------------------------------------------------------------------------
CODE
  Relative segment, address: 00010AC6 - 00010AD5 (0x10 bytes), align: 1
  Segment part 36.            Intra module refs:   compactPage
                                                   initPage
           LOCAL                   ADDRESS         
           =====                   =======         
           ?Subroutine6            00010AC6 
    -------------------------------------------------------------------------
CODE
  Relative segment, address: 00010AD6 - 00010AE3 (0xe bytes), align: 1
  Segment part 37.            Intra module refs:   compactPage
                                                   initPage
           LOCAL                   ADDRESS         
           =====                   =======         
           ?Subroutine5            00010AD6 
    -------------------------------------------------------------------------
CODE
  Relative segment, address: 00010AE4 - 00010AE5 (0x2 bytes), align: 1
  Segment part 38.            Intra module refs:   readHdr
                                                   setPageUse
           LOCAL                   ADDRESS         
           =====                   =======         
           ?Subroutine2            00010AE4 
    -------------------------------------------------------------------------
CODE
  Relative segment, address: 00010AE6 - 00010AE7 (0x2 bytes), align: 1
  Segment part 39.            Intra module refs:   ?Subroutine2
                                                   compactPage
                                                   xferBuf
    -------------------------------------------------------------------------
CODE
  Relative segment, address: 00010AE8 - 00010AF1 (0xa bytes), align: 1
  Segment part 40.            Intra module refs:   Segment part 39
                                                   setItem
    -------------------------------------------------------------------------
CODE
  Relative segment, address: 00010AF2 - 00010B01 (0x10 bytes), align: 1
  Segment part 42.            Intra module refs:   compactPage
           LOCAL                   ADDRESS         
           =====                   =======         
           ?Subroutine11           00010AF2 
    -------------------------------------------------------------------------
CODE
  Relative segment, address: 00010B02 - 00010BE3 (0xe2 bytes), align: 1
  Segment part 45.            Intra module refs:   osal_nv_init
           LOCAL                   ADDRESS         
           =====                   =======         
           initNV                  00010B02 
               calls direct
               CSTACK = 00000000 ( 00000014 )
    -------------------------------------------------------------------------
CODE
  Relative segment, address: 00010BE4 - 00010BF7 (0x14 bytes), align: 1
  Segment part 9.             Intra module refs:   Segment part 16
                                                   compactPage
                                                   initNV
                                                   setItem
           LOCAL                   ADDRESS         
           =====                   =======         
           readHdr                 00010BE4 
               CSTACK = 00000000 ( 00000004 )
    -------------------------------------------------------------------------
CODE
  Relative segment, address: 00010BF8 - 00010BFB (0x4 bytes), align: 1
  Segment part 46.
           ENTRY                   ADDRESS         REF BY
           =====                   =======         ======
           osal_nv_init            00010BF8        main (hal_main)
               calls direct
               CSTACK = 00000000 ( 00000004 )

    *************************************************************************

  FILE NAME : C:\Texas Instruments\ZAP-MSP430-2.5.0\Projects\zstack\ZAP\SE-SampleApp\EXP5438\ESP - Coordinator\Obj\OSAL_PwrMgr.r43
  PROGRAM MODULE, NAME : OSAL_PwrMgr

  SEGMENTS IN THE MODULE
  ======================
DATA16_Z
  Relative segment, address: 1E74 - 1E7B (0x8 bytes), align: 1
  Segment part 2.             Intra module refs:   osal_pwrmgr_init
           ENTRY                   ADDRESS         REF BY
           =====                   =======         ======
           pwrmgr_attribute        1E74 
    -------------------------------------------------------------------------
CODE
  Relative segment, address: 00010BFC - 00010C05 (0xa bytes), align: 1
  Segment part 5.
           ENTRY                   ADDRESS         REF BY
           =====                   =======         ======
           osal_pwrmgr_init        00010BFC        osal_init_system (OSAL)
               CSTACK = 00000000 ( 00000004 )

    *************************************************************************

  FILE NAME : C:\Texas Instruments\ZAP-MSP430-2.5.0\Projects\zstack\ZAP\SE-SampleApp\EXP5438\ESP - Coordinator\Obj\OSAL_Timers.r43
  PROGRAM MODULE, NAME : OSAL_Timers

  SEGMENTS IN THE MODULE
  ======================
DATA16_Z
  Relative segment, address: 1E7C - 1E7D (0x2 bytes), align: 1
  Segment part 2.             Intra module refs:   osalAddTimer
                                                   osalFindTimer
                                                   osalTimerUpdate
           ENTRY                   ADDRESS         REF BY
           =====                   =======         ======
           timerHead               1E7C 
    -------------------------------------------------------------------------
DATA16_Z
  Relative segment, address: 1E7E - 1E81 (0x4 bytes), align: 1
  Segment part 3.             Intra module refs:   osalTimerInit
                                                   osalTimerUpdate
                                                   osal_GetSystemClock
           LOCAL                   ADDRESS         
           =====                   =======         
           osal_systemClock        1E7E 
    -------------------------------------------------------------------------
CODE
  Relative segment, address: 00010C06 - 00010C0F (0xa bytes), align: 1
  Segment part 14.
           ENTRY                   ADDRESS         REF BY
           =====                   =======         ======
           osalTimerInit           00010C06        osal_init_system (OSAL)
               CSTACK = 00000000 ( 00000004 )
    -------------------------------------------------------------------------
CODE
  Relative segment, address: 00010C10 - 00010C67 (0x58 bytes), align: 1
  Segment part 11.            Intra module refs:   osal_start_timerEx
           ENTRY                   ADDRESS         REF BY
           =====                   =======         ======
           osalAddTimer            00010C10 
               calls direct
               CSTACK = 00000000 ( 0000000C )
    -------------------------------------------------------------------------
CODE
  Relative segment, address: 00010C68 - 00010C83 (0x1c bytes), align: 1
  Segment part 7.             Intra module refs:   osalAddTimer
                                                   osal_stop_timerEx
           ENTRY                   ADDRESS         REF BY
           =====                   =======         ======
           osalFindTimer           00010C68 
               CSTACK = 00000000 ( 00000004 )
    -------------------------------------------------------------------------
CODE
  Relative segment, address: 00010C84 - 00010C8D (0xa bytes), align: 1
  Segment part 9.             Intra module refs:   osal_stop_timerEx
           ENTRY                   ADDRESS         REF BY
           =====                   =======         ======
           osalDeleteTimer         00010C84 
               CSTACK = 00000000 ( 00000004 )
    -------------------------------------------------------------------------
CODE
  Relative segment, address: 00010C8E - 00010CA9 (0x1c bytes), align: 1
  Segment part 13.
           ENTRY                   ADDRESS         REF BY
           =====                   =======         ======
           osal_start_timerEx      00010C8E        ?Subroutine1 (zap_app)
                                                   ?Subroutine10 (zap_zdo)
                                                   HalLedUpdate (hal_led)
                                                   Hal_ProcessEvent (hal_drivers)
                                                   Segment part 72 (esp)
                                                   esp_Init (esp)
                                                   halBoardPort1Isr (hal_key)
                                                   zapAfSync (zap_af)
                                                   zapGotSync (zap_app)
               calls direct
               CSTACK = 00000000 ( 00000006 )
    -------------------------------------------------------------------------
CODE
  Relative segment, address: 00010CAA - 00010CCD (0x24 bytes), align: 1
  Segment part 10.
           ENTRY                   ADDRESS         REF BY
           =====                   =======         ======
           osal_stop_timerEx       00010CAA        HalKeyConfig (hal_key)
                                                   esp_ProcessIdentifyTimeChange (esp)
               calls direct
               CSTACK = 00000000 ( 00000004 )
    -------------------------------------------------------------------------
CODE
  Relative segment, address: 00010CCE - 00010D73 (0xa6 bytes), align: 1
  Segment part 5.
           ENTRY                   ADDRESS         REF BY
           =====                   =======         ======
           osalTimerUpdate         00010CCE        osalTimeUpdate (hal_board)
               calls direct
               CSTACK = 00000000 ( 00000010 )
    -------------------------------------------------------------------------
CODE
  Relative segment, address: 00010D74 - 00010D7D (0xa bytes), align: 1
  Segment part 4.
           ENTRY                   ADDRESS         REF BY
           =====                   =======         ======
           osal_GetSystemClock     00010D74        HalLedBlink (hal_led)
                                                   HalLedUpdate (hal_led)
                                                   Hal_UART_RxProcessEvent (hal_uart)
               CSTACK = 00000000 ( 00000004 )

    *************************************************************************

  FILE NAME : C:\Texas Instruments\ZAP-MSP430-2.5.0\Projects\zstack\ZAP\SE-SampleApp\EXP5438\ESP - Coordinator\Obj\OSAL_esp.r43
  PROGRAM MODULE, NAME : OSAL_esp

  SEGMENTS IN THE MODULE
  ======================
DATA16_C
  Relative segment, address: 5D10 - 5D1F (0x10 bytes), align: 1
  Segment part 2.
           ENTRY                   ADDRESS         REF BY
           =====                   =======         ======
           tasksArr                5D10            osal_run_system (OSAL)
    -------------------------------------------------------------------------
DATA16_C
  Relative segment, address: 690A - 690A (0x1 bytes), align: 0
  Segment part 3.
           ENTRY                   ADDRESS         REF BY
           =====                   =======         ======
           tasksCnt                690A            osal_clear_event (OSAL)
                                                   osal_msg_send (OSAL)
                                                   osal_run_system (OSAL)
                                                   osal_set_event (OSAL)
    -------------------------------------------------------------------------
DATA16_Z
  Relative segment, address: 1E82 - 1E83 (0x2 bytes), align: 1
  Segment part 4.             Intra module refs:   osalInitTasks
           ENTRY                   ADDRESS         REF BY
           =====                   =======         ======
           tasksEvents             1E82            osal_clear_event (OSAL)
                                                   osal_run_system (OSAL)
                                                   osal_set_event (OSAL)
    -------------------------------------------------------------------------
CODE
  Relative segment, address: 00010D7E - 00010DA9 (0x2c bytes), align: 1
  Segment part 5.
           ENTRY                   ADDRESS         REF BY
           =====                   =======         ======
           osalInitTasks           00010D7E        osal_init_system (OSAL)
               calls direct
               CSTACK = 00000000 ( 00000004 )

    *************************************************************************

  FILE NAME : C:\Texas Instruments\ZAP-MSP430-2.5.0\Projects\zstack\ZAP\SE-SampleApp\EXP5438\ESP - Coordinator\Obj\esp.r43
  PROGRAM MODULE, NAME : esp

  SEGMENTS IN THE MODULE
  ======================
DATA16_Z
  Relative segment, address: 2E64 - 2E64 (0x1 bytes), align: 0
  Segment part 11.            Intra module refs:   Segment part 19
                                                   Segment part 72
                                                   esp_Init
                                                   esp_ProcessIdentifyTimeChange
                                                   esp_ProcessZDOMsg
                                                   esp_event_loop
           LOCAL                   ADDRESS         
           =====                   =======         
           espTaskID               2E64 
    -------------------------------------------------------------------------
DATA16_Z
  Relative segment, address: 1E84 - 1E8F (0xc bytes), align: 1
  Segment part 12.            Intra module refs:   esp_GetCurrentPriceCB
                                                   esp_HandleKeys
           LOCAL                   ADDRESS         
           =====                   =======         
           ipdAddr                 1E84 
    -------------------------------------------------------------------------
DATA16_Z
  Relative segment, address: 1E90 - 1E9B (0xc bytes), align: 1
  Segment part 13.            Intra module refs:   esp_HandleKeys
                                                   esp_Init
                                                   esp_ProcessZDOMsg
           LOCAL                   ADDRESS         
           =====                   =======         
           pctAddr                 1E90 
    -------------------------------------------------------------------------
DATA16_Z
  Relative segment, address: 1E9C - 1EA7 (0xc bytes), align: 1
  Segment part 14.            Intra module refs:   esp_HandleKeys
                                                   esp_Init
                                                   esp_ProcessZDOMsg
[...]
                                                   espOptions (esp_data)
                                                   espPowerFactor (esp_data)
                                                   espPreviousdayConsumptionDelivered (esp_data)
                                                   espPreviousdayConsumtpionReceived (esp_data)
                                                   espSignature (esp_data)
                                                   espSimpleDesc (esp_data)
                                                   espStatus (esp_data)
                                                   espSummationFormating (esp_data)
                                                   espTimeStatus (esp_data)
                                                   espTopUpAmount1 (esp_data)
                                                   espTopUpAmount2 (esp_data)
                                                   espTopUpAmount3 (esp_data)
                                                   espTopUpAmount4 (esp_data)
                                                   espTopUpAmount5 (esp_data)
                                                   esp_GenCmdCallbacks (esp)
                                                   esp_SECmdCallbacks (esp)
                                                   registeredKeysTaskID (hal_board)
                                                   zcl_RegisteredMsgTaskID (zcl)
    -------------------------------------------------------------------------
CSTART
  Relative segment, address: 5C28 - 5C2F (0x8 bytes), align: 1
  Segment part 22.            Intra module refs:   ?cstart_call_low_level_init
                                                   Segment part 12
           ENTRY                   ADDRESS         REF BY
           =====                   =======         ======
           ?cstart_call_main       5C28 
           ?cstart_end             5C30 

    -------------------------------------------------------------------------
  LIBRARY MODULE, NAME : ?reset_vector

  SEGMENTS IN THE MODULE
  ======================
RESET
  Relative segment, address: FFFE - FFFF (0x2 bytes), align: 1
  Segment part 0.
           ENTRY                   ADDRESS         REF BY
           =====                   =======         ======
           ?reset_vector           FFFE            Segment part 12 (?cstart)

    -------------------------------------------------------------------------
  LIBRARY MODULE, NAME : ?DivMod816u

  SEGMENTS IN THE MODULE
  ======================
CODE
  Relative segment, address: 000165A2 - 000165BD (0x1c bytes), align: 1
  Segment part 0.
           ENTRY                   ADDRESS         REF BY
           =====                   =======         ======
           ?DivMod8u               000165A2 
           ?DivMod16u              000165A6        ?Subroutine0 (hal_board)
                                                   _itoa (hal_board)
                                                   zclParseInReadReportCfgCmd (zcl)

    -------------------------------------------------------------------------
  LIBRARY MODULE, NAME : ?DivMod32u

  SEGMENTS IN THE MODULE
  ======================
CODE
  Relative segment, address: 000165BE - 000165F5 (0x38 bytes), align: 1
  Segment part 0.
           ENTRY                   ADDRESS         REF BY
           =====                   =======         ======
           ?DivMod32u              000165BE        ?Subroutine6 (OSAL)
                                                   HalLedUpdate (hal_led)
                                                   _ltoa (OSAL)

    -------------------------------------------------------------------------
  LIBRARY MODULE, NAME : ?ShiftLeft32_8n

  SEGMENTS IN THE MODULE
  ======================
CODE
  Relative segment, address: 000165F6 - 00016601 (0xc bytes), align: 1
  Segment part 6.
           ENTRY                   ADDRESS         REF BY
           =====                   =======         ======
           ?ShiftLeft32_8          000165F6        ?Subroutine11 (OSAL)
                                                   afIncMsgPktParse (zap_af)

    -------------------------------------------------------------------------
  LIBRARY MODULE, NAME : ?memcpy

  SEGMENTS IN THE MODULE
  ======================
CODE
  Relative segment, address: 00016602 - 0001661B (0x1a bytes), align: 1
  Segment part 2.
           ENTRY                   ADDRESS         REF BY
           =====                   =======         ======
           memcpy                  00016602        __data16_memcpy (?memzero)
               CSTACK = 00000000 ( 00000006 )

    -------------------------------------------------------------------------
  LIBRARY MODULE, NAME : ?CopyMemoryBytes

  SEGMENTS IN THE MODULE
  ======================
CODE
  Relative segment, address: 0001661C - 0001662B (0x10 bytes), align: 1
  Segment part 0.
           ENTRY                   ADDRESS         REF BY
           =====                   =======         ======
           ?CopyMemoryBytes        0001661C        esp_GetLastMessageCB (esp)
                                                   esp_HandleKeys (esp)

    -------------------------------------------------------------------------
  LIBRARY MODULE, NAME : ?CopyMemoryWords

  SEGMENTS IN THE MODULE
  ======================
CODE
  Relative segment, address: 0001662C - 0001663B (0x10 bytes), align: 1
  Segment part 0.
           ENTRY                   ADDRESS         REF BY
           =====                   =======         ======
           ?CopyMemoryWords        0001662C        esp_GetProfileCmdCB (esp)
                                                   zclSendMsg (zcl)

    -------------------------------------------------------------------------
  LIBRARY MODULE, NAME : ?ClearMemoryBytes

  SEGMENTS IN THE MODULE
  ======================
CODE
  Relative segment, address: 0001663C - 0001664B (0x10 bytes), align: 1
  Segment part 0.
           ENTRY                   ADDRESS         REF BY
           =====                   =======         ======
           ?ClearMemoryBytes       0001663C        ?Subroutine7 (OSAL)

    -------------------------------------------------------------------------
  LIBRARY MODULE, NAME : ?memset

  SEGMENTS IN THE MODULE
  ======================
CODE
  Relative segment, address: 0001664C - 00016663 (0x18 bytes), align: 1
  Segment part 2.
           ENTRY                   ADDRESS         REF BY
           =====                   =======         ======
           memset                  0001664C        osal_memset (OSAL)
               CSTACK = 00000000 ( 00000006 )

    -------------------------------------------------------------------------
  LIBRARY MODULE, NAME : ?memzero

  SEGMENTS IN THE MODULE
  ======================
CODE
  Relative segment, address: 00016664 - 00016675 (0x12 bytes), align: 1
  Segment part 4.
           ENTRY                   ADDRESS         REF BY
           =====                   =======         ======
           __data16_memzero        00016664        ?cstart_init_zero (?cstart)
               CSTACK = 00000000 ( 00000004 )
    -------------------------------------------------------------------------
CODE
  Relative segment, address: 00016676 - 00016679 (0x4 bytes), align: 1
  Segment part 3.
           ENTRY                   ADDRESS         REF BY
           =====                   =======         ======
           __data16_memcpy         00016676        ?cstart_init_copy (?cstart)
               calls direct
               CSTACK = 00000000 ( 00000004 )

    -------------------------------------------------------------------------
  LIBRARY MODULE, NAME : ?IndCallR9

  SEGMENTS IN THE MODULE
  ======================
CODE
  Relative segment, address: 0001667A - 0001667D (0x4 bytes), align: 1
  Segment part 0.
           ENTRY                   ADDRESS         REF BY
           =====                   =======         ======
           ?IndCallR9              0001667A        zclSE_ProcessInCmd_Pricing_PublishPrice (zcl_se)

    -------------------------------------------------------------------------
  LIBRARY MODULE, NAME : ?IndCallR11

  SEGMENTS IN THE MODULE
  ======================
CODE
  Relative segment, address: 0001667E - 00016681 (0x4 bytes), align: 1
  Segment part 0.
           ENTRY                   ADDRESS         REF BY
           =====                   =======         ======
           ?IndCallR11             0001667E        ?Subroutine30 (zcl_se)
                                                   ?Subroutine31 (zcl_se)
                                                   zclAuthorizeWrite (zcl)
                                                   zclGeneral_ProcessInIdentity (zcl_general)
                                                   zclGetAttrDataLengthUsingCB (zcl)
                                                   zclProcessInReadCmd (zcl)
                                                   zclReadAttrDataUsingCB (zcl)
                                                   zclSE_ProcessInCmd_LoadControl_LoadControlEvent (zcl_se)
                                                   zclSE_ProcessInCmd_Message_DisplayMessage (zcl_se)
                                                   zclSE_ProcessInCmd_SimpleMeter_GetProfileRsp (zcl_se)
                                                   zclWriteAttrDataUsingCB (zcl)

    -------------------------------------------------------------------------
  LIBRARY MODULE, NAME : ?IndCallR15

  SEGMENTS IN THE MODULE
  ======================
CODE
  Relative segment, address: 00016682 - 00016685 (0x4 bytes), align: 1
  Segment part 0.
           ENTRY                   ADDRESS         REF BY
           =====                   =======         ======
           ?IndCallR15             00016682        ?Subroutine35 (zcl_se)
                                                   osal_run_system (OSAL)
                                                   zapProcessIncoming (zap_app)
                                                   zclGeneral_HdlInSpecificCommands (zcl_general)
                                                   zclProcessMessageMSG (zcl)

    -------------------------------------------------------------------------
  LIBRARY MODULE, NAME : ?strcat

  SEGMENTS IN THE MODULE
  ======================
CODE
  Relative segment, address: 00016686 - 000166A1 (0x1c bytes), align: 1
  Segment part 2.
           ENTRY                   ADDRESS         REF BY
           =====                   =======         ======
           strcat                  00016686        ?Subroutine8 (OSAL)
                                                   Segment part 40 (OSAL)
               CSTACK = 00000000 ( 00000004 )

    -------------------------------------------------------------------------
  LIBRARY MODULE, NAME : ?strcpy

  SEGMENTS IN THE MODULE
  ======================
CODE
  Relative segment, address: 000166A2 - 000166B3 (0x12 bytes), align: 1
  Segment part 2.
           ENTRY                   ADDRESS         REF BY
           =====                   =======         ======
           strcpy                  000166A2        _ltoa (OSAL)
               CSTACK = 00000000 ( 00000004 )

    -------------------------------------------------------------------------
  LIBRARY MODULE, NAME : ?strlen

  SEGMENTS IN THE MODULE
  ======================
CODE
  Relative segment, address: 000166B4 - 000166C5 (0x12 bytes), align: 1
  Segment part 2.
           ENTRY                   ADDRESS         REF BY
           =====                   =======         ======
           strlen                  000166B4        _ltoa (OSAL)
                                                   osal_strlen (OSAL)
               CSTACK = 00000000 ( 00000004 )




                ****************************************
                *                                      *
                *            MODULE SUMMARY            *
                *                                      *
                ****************************************

Module                CODE      DATA      CONST
------                ----      ----      -----
                     (Rel)  (Rel)  (Abs)  (Rel)
?ClearMemoryBytes       16
?CopyMemoryBytes        16
?CopyMemoryWords        16
?DivMod32u              56
?DivMod816u             28
?IndCallR11              4
?IndCallR15              4
?IndCallR9               4
?Mul8HwLoc2             30
?ShiftLeft32_8n         12
?__exit                  4
?_exit                   4
?clibexit                4
?cstart                 48
?memcpy                 26
?memset                 24
?memzero                22
?reset_vector            2
?strcat                 28
?strcpy                 18
?strlen                 18
MSP430FlashUtil        148      3      4
  + shared                             2
OSAL                 1 194      3             3
OSAL_Memory            328  4 099
OSAL_Nv             13 686     58             6
OSAL_PwrMgr             10      8
OSAL_Timers            376      6
OSAL_esp                44      2            17
esp                  2 470    247           283
esp_data                      365         1 073
hal_adc                  2            11
hal_assert             312      1
  + shared                            12
hal_board              434     16      6      1
  + shared             110             2
  + common
hal_dco                422            14
  + shared                             2
hal_drivers            114      1
hal_key                382      7      2
  + shared              86             6
  + common
hal_lcd                888  3 866     20  2 424
  + shared                             2
hal_led                584     42
hal_main               110
hal_spi                122            14
hal_startup             10
hal_timer                4             8
  + common             122
hal_uart               140     34     12
  + common              94
saddr                    6
se                      40
zap_af               1 024      2
zap_app              1 084     31            96
zap_certs              106                   99
zap_phy                716      2
zap_sapi               240
zap_stub_aps           172      1
zap_sys                402
zap_util               542     18
zap_zdo              1 064     26
zap_znp                430
zcl                  6 094     15           113
zcl_general            530      3
zcl_se               4 252      3
N/A (command line)            512
N/A (alignment)
----------          ------  -----    ---  -----
Total:              38 866  9 371    117  4 115
  + common             122


                ****************************************
                *                                      *
                *      SEGMENTS IN ADDRESS ORDER       *
                *                                      *
                ****************************************


SEGMENT              SPACE    START ADDRESS   END ADDRESS     SIZE  TYPE  ALIGN
=======              =====    =============   ===========     ====  ====  =====
DATA16_AN                              0120 - 0121               2   rel    0
                                       0124 - 0127               4 
                                       012C - 012D               2 
                                       0140 - 0141               2 
                                       0144 - 0145               2 
                                       015C - 015D               2 
                                       0160 - 0165               6 
                                       0168 - 0169               2 
                                       0200 - 0207               8 
                                       020A - 020B               2 
                                       0218 - 021D               6 
                                       0222 - 0225               4 
                                       022A - 022B               2 
                                       0244 - 0245               2 
                                       024A - 024B               2 
                                       0260 - 0267               8 
                                       026A - 026B               2 
                                       0282 - 0285               4 
                                       028A - 028B               2 
                                       0340 - 0343               4 
                                       0348 - 0349               2 
                                       0352 - 0353               2 
                                       0358 - 0359               2 
                                       03C0 - 03C3               4 
                                       03D0 - 03D3               4 
                                       05E0 - 05E1               2 
                                       05E6 - 05E7               2 
                                       05EC - 05EC               1 
                                       05EE - 05EE               1 
                                       05FC - 05FD               2 
                                       0600 - 0601               2 
                                       0606 - 0607               2 
                                       060C - 060C               1 
                                       060E - 060E               1 
                                       061C - 061D               2 
                                       0660 - 0661               2 
                                       0666 - 0667               2 
                                       066A - 066A               1 
                                       066E - 066E               1 
                                       067C - 067D               2 
                                       0700 - 0705               6 
                                       070A - 070B               2 
                                       0710 - 0710               1 
                                       0720 - 0721               2 
DATA16_I                               1C00 - 1E39             23A   rel    1
DATA16_Z                               1E3A - 2E98            105F   rel    1
DATA16_N                               2E9A - 3E9B            1002   rel    1
CSTACK                                 5A00 - 5BFF             200   rel    1
CSTART                                 5C00 - 5C2F              30   rel    1
ISR_CODE                               5C30 - 5D09              DA   rel    1
DATA16_C                               5D0A - 6AE2             DD9   rel    1
DATA16_ID                              6AE4 - 6D1D             23A   rel    1
ZIGNV_ADDRESS_SPACE
                                       CA00 - F9FF            3000   rel    0
INTVEC                                 FF80 - FFF9              7A   com    1
RESET                                  FFFE - FFFF               2   rel    1
CODE                               00010000 - 000166C5        66C6   rel    1

                ****************************************
                *                                      *
                *        END OF CROSS REFERENCE        *
                *                                      *
                ****************************************

 38 988 bytes of CODE  memory
  9 371 bytes of DATA  memory (+ 117 absolute )
  4 115 bytes of CONST memory

Errors: none
Warnings: none

